ARM GAS  C:\Users\Austina\AppData\Local\Temp\cc5oydIU.s 			page 1


   1              		.syntax unified
   2              		.cpu cortex-m0
   3              		.fpu softvfp
   4              		.eabi_attribute 20, 1
   5              		.eabi_attribute 21, 1
   6              		.eabi_attribute 23, 3
   7              		.eabi_attribute 24, 1
   8              		.eabi_attribute 25, 1
   9              		.eabi_attribute 26, 1
  10              		.eabi_attribute 30, 6
  11              		.eabi_attribute 34, 0
  12              		.eabi_attribute 18, 4
  13              		.thumb
  14              		.syntax unified
  15              		.file	"cyfitter_cfg.c"
  16              		.text
  17              	.Ltext0:
  18              		.cfi_sections	.debug_frame
  19              		.section	.text.CYMEMZERO,"ax",%progbits
  20              		.align	2
  21              		.code	16
  22              		.thumb_func
  23              		.type	CYMEMZERO, %function
  24              	CYMEMZERO:
  25              	.LFB2:
  26              		.file 1 "Generated_Source\\PSoC4\\cyfitter_cfg.c"
   1:Generated_Source\PSoC4/cyfitter_cfg.c **** 
   2:Generated_Source\PSoC4/cyfitter_cfg.c **** /*******************************************************************************
   3:Generated_Source\PSoC4/cyfitter_cfg.c **** * File Name: cyfitter_cfg.c
   4:Generated_Source\PSoC4/cyfitter_cfg.c **** * 
   5:Generated_Source\PSoC4/cyfitter_cfg.c **** * PSoC Creator  4.4
   6:Generated_Source\PSoC4/cyfitter_cfg.c **** *
   7:Generated_Source\PSoC4/cyfitter_cfg.c **** * Description:
   8:Generated_Source\PSoC4/cyfitter_cfg.c **** * This file contains device initialization code.
   9:Generated_Source\PSoC4/cyfitter_cfg.c **** * Except for the user defined sections in CyClockStartupError(), this file should not be modified.
  10:Generated_Source\PSoC4/cyfitter_cfg.c **** * This file is automatically generated by PSoC Creator.
  11:Generated_Source\PSoC4/cyfitter_cfg.c **** *
  12:Generated_Source\PSoC4/cyfitter_cfg.c **** ********************************************************************************
  13:Generated_Source\PSoC4/cyfitter_cfg.c **** * Copyright (c) 2007-2020 Cypress Semiconductor.  All rights reserved.
  14:Generated_Source\PSoC4/cyfitter_cfg.c **** * You may use this file only in accordance with the license, terms, conditions, 
  15:Generated_Source\PSoC4/cyfitter_cfg.c **** * disclaimers, and limitations in the end user license agreement accompanying 
  16:Generated_Source\PSoC4/cyfitter_cfg.c **** * the software package with which this file was provided.
  17:Generated_Source\PSoC4/cyfitter_cfg.c **** ********************************************************************************/
  18:Generated_Source\PSoC4/cyfitter_cfg.c **** 
  19:Generated_Source\PSoC4/cyfitter_cfg.c **** #include <string.h>
  20:Generated_Source\PSoC4/cyfitter_cfg.c **** #include "cytypes.h"
  21:Generated_Source\PSoC4/cyfitter_cfg.c **** #include "cydevice_trm.h"
  22:Generated_Source\PSoC4/cyfitter_cfg.c **** #include "cyfitter.h"
  23:Generated_Source\PSoC4/cyfitter_cfg.c **** #include "CyLib.h"
  24:Generated_Source\PSoC4/cyfitter_cfg.c **** #include "CyLFClk.h"
  25:Generated_Source\PSoC4/cyfitter_cfg.c **** #include "cyfitter_cfg.h"
  26:Generated_Source\PSoC4/cyfitter_cfg.c **** #include "cyapicallbacks.h"
  27:Generated_Source\PSoC4/cyfitter_cfg.c **** 
  28:Generated_Source\PSoC4/cyfitter_cfg.c **** 
  29:Generated_Source\PSoC4/cyfitter_cfg.c **** #if defined(__GNUC__) || defined(__ARMCC_VERSION)
  30:Generated_Source\PSoC4/cyfitter_cfg.c ****     #define CYPACKED 
  31:Generated_Source\PSoC4/cyfitter_cfg.c ****     #define CYPACKED_ATTR __attribute__ ((packed))
ARM GAS  C:\Users\Austina\AppData\Local\Temp\cc5oydIU.s 			page 2


  32:Generated_Source\PSoC4/cyfitter_cfg.c ****     #define CYALIGNED __attribute__ ((aligned))
  33:Generated_Source\PSoC4/cyfitter_cfg.c ****     #define CY_CFG_UNUSED __attribute__ ((unused))
  34:Generated_Source\PSoC4/cyfitter_cfg.c ****     #ifndef CY_CFG_SECTION
  35:Generated_Source\PSoC4/cyfitter_cfg.c ****         #define CY_CFG_SECTION __attribute__ ((section(".psocinit")))
  36:Generated_Source\PSoC4/cyfitter_cfg.c ****     #endif
  37:Generated_Source\PSoC4/cyfitter_cfg.c ****     
  38:Generated_Source\PSoC4/cyfitter_cfg.c ****     #if defined(__ARMCC_VERSION)
  39:Generated_Source\PSoC4/cyfitter_cfg.c ****         #define CY_CFG_MEMORY_BARRIER() __memory_changed()
  40:Generated_Source\PSoC4/cyfitter_cfg.c ****     #else
  41:Generated_Source\PSoC4/cyfitter_cfg.c ****         #define CY_CFG_MEMORY_BARRIER() __sync_synchronize()
  42:Generated_Source\PSoC4/cyfitter_cfg.c ****     #endif
  43:Generated_Source\PSoC4/cyfitter_cfg.c ****     
  44:Generated_Source\PSoC4/cyfitter_cfg.c **** #elif defined(__ICCARM__)
  45:Generated_Source\PSoC4/cyfitter_cfg.c ****     #include <intrinsics.h>
  46:Generated_Source\PSoC4/cyfitter_cfg.c **** 
  47:Generated_Source\PSoC4/cyfitter_cfg.c ****     #define CYPACKED __packed
  48:Generated_Source\PSoC4/cyfitter_cfg.c ****     #define CYPACKED_ATTR 
  49:Generated_Source\PSoC4/cyfitter_cfg.c ****     #define CYALIGNED _Pragma("data_alignment=4")
  50:Generated_Source\PSoC4/cyfitter_cfg.c ****     #define CY_CFG_UNUSED _Pragma("diag_suppress=Pe177")
  51:Generated_Source\PSoC4/cyfitter_cfg.c ****     #define CY_CFG_SECTION _Pragma("location=\".psocinit\"")
  52:Generated_Source\PSoC4/cyfitter_cfg.c ****     
  53:Generated_Source\PSoC4/cyfitter_cfg.c ****     #define CY_CFG_MEMORY_BARRIER() __DMB()
  54:Generated_Source\PSoC4/cyfitter_cfg.c ****     
  55:Generated_Source\PSoC4/cyfitter_cfg.c **** #else
  56:Generated_Source\PSoC4/cyfitter_cfg.c ****     #error Unsupported toolchain
  57:Generated_Source\PSoC4/cyfitter_cfg.c **** #endif
  58:Generated_Source\PSoC4/cyfitter_cfg.c **** 
  59:Generated_Source\PSoC4/cyfitter_cfg.c **** #ifndef CYCODE
  60:Generated_Source\PSoC4/cyfitter_cfg.c ****     #define CYCODE
  61:Generated_Source\PSoC4/cyfitter_cfg.c **** #endif
  62:Generated_Source\PSoC4/cyfitter_cfg.c **** #ifndef CYDATA
  63:Generated_Source\PSoC4/cyfitter_cfg.c ****     #define CYDATA
  64:Generated_Source\PSoC4/cyfitter_cfg.c **** #endif
  65:Generated_Source\PSoC4/cyfitter_cfg.c **** #ifndef CYFAR
  66:Generated_Source\PSoC4/cyfitter_cfg.c ****     #define CYFAR
  67:Generated_Source\PSoC4/cyfitter_cfg.c **** #endif
  68:Generated_Source\PSoC4/cyfitter_cfg.c **** #ifndef CYXDATA
  69:Generated_Source\PSoC4/cyfitter_cfg.c ****     #define CYXDATA
  70:Generated_Source\PSoC4/cyfitter_cfg.c **** #endif
  71:Generated_Source\PSoC4/cyfitter_cfg.c **** 
  72:Generated_Source\PSoC4/cyfitter_cfg.c **** 
  73:Generated_Source\PSoC4/cyfitter_cfg.c **** CY_CFG_UNUSED
  74:Generated_Source\PSoC4/cyfitter_cfg.c **** static void CYMEMZERO(void *s, size_t n);
  75:Generated_Source\PSoC4/cyfitter_cfg.c **** CY_CFG_UNUSED
  76:Generated_Source\PSoC4/cyfitter_cfg.c **** static void CYMEMZERO(void *s, size_t n)
  77:Generated_Source\PSoC4/cyfitter_cfg.c **** {
  27              		.loc 1 77 0
  28              		.cfi_startproc
  29              		@ args = 0, pretend = 0, frame = 8
  30              		@ frame_needed = 1, uses_anonymous_args = 0
  31 0000 80B5     		push	{r7, lr}
  32              		.cfi_def_cfa_offset 8
  33              		.cfi_offset 7, -8
  34              		.cfi_offset 14, -4
  35 0002 82B0     		sub	sp, sp, #8
  36              		.cfi_def_cfa_offset 16
  37 0004 00AF     		add	r7, sp, #0
ARM GAS  C:\Users\Austina\AppData\Local\Temp\cc5oydIU.s 			page 3


  38              		.cfi_def_cfa_register 7
  39 0006 7860     		str	r0, [r7, #4]
  40 0008 3960     		str	r1, [r7]
  78:Generated_Source\PSoC4/cyfitter_cfg.c **** 	(void)memset(s, 0, n);
  41              		.loc 1 78 0
  42 000a 3A68     		ldr	r2, [r7]
  43 000c 7B68     		ldr	r3, [r7, #4]
  44 000e 0021     		movs	r1, #0
  45 0010 1800     		movs	r0, r3
  46 0012 FFF7FEFF 		bl	memset
  79:Generated_Source\PSoC4/cyfitter_cfg.c **** }
  47              		.loc 1 79 0
  48 0016 C046     		nop
  49 0018 BD46     		mov	sp, r7
  50 001a 02B0     		add	sp, sp, #8
  51              		@ sp needed
  52 001c 80BD     		pop	{r7, pc}
  53              		.cfi_endproc
  54              	.LFE2:
  55              		.size	CYMEMZERO, .-CYMEMZERO
  56 001e C046     		.section	.text.CYCONFIGCPY,"ax",%progbits
  57              		.align	2
  58              		.code	16
  59              		.thumb_func
  60              		.type	CYCONFIGCPY, %function
  61              	CYCONFIGCPY:
  62              	.LFB3:
  80:Generated_Source\PSoC4/cyfitter_cfg.c **** CY_CFG_UNUSED
  81:Generated_Source\PSoC4/cyfitter_cfg.c **** static void CYCONFIGCPY(void *dest, const void *src, size_t n);
  82:Generated_Source\PSoC4/cyfitter_cfg.c **** CY_CFG_UNUSED
  83:Generated_Source\PSoC4/cyfitter_cfg.c **** static void CYCONFIGCPY(void *dest, const void *src, size_t n)
  84:Generated_Source\PSoC4/cyfitter_cfg.c **** {
  63              		.loc 1 84 0
  64              		.cfi_startproc
  65              		@ args = 0, pretend = 0, frame = 16
  66              		@ frame_needed = 1, uses_anonymous_args = 0
  67 0000 80B5     		push	{r7, lr}
  68              		.cfi_def_cfa_offset 8
  69              		.cfi_offset 7, -8
  70              		.cfi_offset 14, -4
  71 0002 84B0     		sub	sp, sp, #16
  72              		.cfi_def_cfa_offset 24
  73 0004 00AF     		add	r7, sp, #0
  74              		.cfi_def_cfa_register 7
  75 0006 F860     		str	r0, [r7, #12]
  76 0008 B960     		str	r1, [r7, #8]
  77 000a 7A60     		str	r2, [r7, #4]
  85:Generated_Source\PSoC4/cyfitter_cfg.c **** 	(void)memcpy(dest, src, n);
  78              		.loc 1 85 0
  79 000c 7A68     		ldr	r2, [r7, #4]
  80 000e B968     		ldr	r1, [r7, #8]
  81 0010 FB68     		ldr	r3, [r7, #12]
  82 0012 1800     		movs	r0, r3
  83 0014 FFF7FEFF 		bl	memcpy
  86:Generated_Source\PSoC4/cyfitter_cfg.c **** }
  84              		.loc 1 86 0
  85 0018 C046     		nop
ARM GAS  C:\Users\Austina\AppData\Local\Temp\cc5oydIU.s 			page 4


  86 001a BD46     		mov	sp, r7
  87 001c 04B0     		add	sp, sp, #16
  88              		@ sp needed
  89 001e 80BD     		pop	{r7, pc}
  90              		.cfi_endproc
  91              	.LFE3:
  92              		.size	CYCONFIGCPY, .-CYCONFIGCPY
  93              		.section	.text.CYCONFIGCPYCODE,"ax",%progbits
  94              		.align	2
  95              		.code	16
  96              		.thumb_func
  97              		.type	CYCONFIGCPYCODE, %function
  98              	CYCONFIGCPYCODE:
  99              	.LFB4:
  87:Generated_Source\PSoC4/cyfitter_cfg.c **** CY_CFG_UNUSED
  88:Generated_Source\PSoC4/cyfitter_cfg.c **** static void CYCONFIGCPYCODE(void *dest, const void *src, size_t n);
  89:Generated_Source\PSoC4/cyfitter_cfg.c **** CY_CFG_UNUSED
  90:Generated_Source\PSoC4/cyfitter_cfg.c **** static void CYCONFIGCPYCODE(void *dest, const void *src, size_t n)
  91:Generated_Source\PSoC4/cyfitter_cfg.c **** {
 100              		.loc 1 91 0
 101              		.cfi_startproc
 102              		@ args = 0, pretend = 0, frame = 16
 103              		@ frame_needed = 1, uses_anonymous_args = 0
 104 0000 80B5     		push	{r7, lr}
 105              		.cfi_def_cfa_offset 8
 106              		.cfi_offset 7, -8
 107              		.cfi_offset 14, -4
 108 0002 84B0     		sub	sp, sp, #16
 109              		.cfi_def_cfa_offset 24
 110 0004 00AF     		add	r7, sp, #0
 111              		.cfi_def_cfa_register 7
 112 0006 F860     		str	r0, [r7, #12]
 113 0008 B960     		str	r1, [r7, #8]
 114 000a 7A60     		str	r2, [r7, #4]
  92:Generated_Source\PSoC4/cyfitter_cfg.c **** 	(void)memcpy(dest, src, n);
 115              		.loc 1 92 0
 116 000c 7A68     		ldr	r2, [r7, #4]
 117 000e B968     		ldr	r1, [r7, #8]
 118 0010 FB68     		ldr	r3, [r7, #12]
 119 0012 1800     		movs	r0, r3
 120 0014 FFF7FEFF 		bl	memcpy
  93:Generated_Source\PSoC4/cyfitter_cfg.c **** }
 121              		.loc 1 93 0
 122 0018 C046     		nop
 123 001a BD46     		mov	sp, r7
 124 001c 04B0     		add	sp, sp, #16
 125              		@ sp needed
 126 001e 80BD     		pop	{r7, pc}
 127              		.cfi_endproc
 128              	.LFE4:
 129              		.size	CYCONFIGCPYCODE, .-CYCONFIGCPYCODE
 130              		.section	.psocinit,"ax",%progbits
 131              		.align	2
 132              		.code	16
 133              		.thumb_func
 134              		.type	ClockSetup, %function
 135              	ClockSetup:
ARM GAS  C:\Users\Austina\AppData\Local\Temp\cc5oydIU.s 			page 5


 136              	.LFB5:
  94:Generated_Source\PSoC4/cyfitter_cfg.c **** 
  95:Generated_Source\PSoC4/cyfitter_cfg.c **** 
  96:Generated_Source\PSoC4/cyfitter_cfg.c **** 
  97:Generated_Source\PSoC4/cyfitter_cfg.c **** 
  98:Generated_Source\PSoC4/cyfitter_cfg.c **** /* Clock startup error codes                                                   */
  99:Generated_Source\PSoC4/cyfitter_cfg.c **** #define CYCLOCKSTART_NO_ERROR    0u
 100:Generated_Source\PSoC4/cyfitter_cfg.c **** #define CYCLOCKSTART_XTAL_ERROR  1u
 101:Generated_Source\PSoC4/cyfitter_cfg.c **** #define CYCLOCKSTART_32KHZ_ERROR 2u
 102:Generated_Source\PSoC4/cyfitter_cfg.c **** #define CYCLOCKSTART_PLL_ERROR   3u
 103:Generated_Source\PSoC4/cyfitter_cfg.c **** #define CYCLOCKSTART_FLL_ERROR   4u
 104:Generated_Source\PSoC4/cyfitter_cfg.c **** #define CYCLOCKSTART_WCO_ERROR   5u
 105:Generated_Source\PSoC4/cyfitter_cfg.c **** 
 106:Generated_Source\PSoC4/cyfitter_cfg.c **** 
 107:Generated_Source\PSoC4/cyfitter_cfg.c **** #ifdef CY_NEED_CYCLOCKSTARTUPERROR
 108:Generated_Source\PSoC4/cyfitter_cfg.c **** /*******************************************************************************
 109:Generated_Source\PSoC4/cyfitter_cfg.c **** * Function Name: CyClockStartupError
 110:Generated_Source\PSoC4/cyfitter_cfg.c **** ********************************************************************************
 111:Generated_Source\PSoC4/cyfitter_cfg.c **** * Summary:
 112:Generated_Source\PSoC4/cyfitter_cfg.c **** *  If an error is encountered during clock configuration (crystal startup error,
 113:Generated_Source\PSoC4/cyfitter_cfg.c **** *  PLL lock error, etc.), the system will end up here.  Unless reimplemented by
 114:Generated_Source\PSoC4/cyfitter_cfg.c **** *  the customer, this function will stop in an infinite loop.
 115:Generated_Source\PSoC4/cyfitter_cfg.c **** *
 116:Generated_Source\PSoC4/cyfitter_cfg.c **** * Parameters:
 117:Generated_Source\PSoC4/cyfitter_cfg.c **** *   void
 118:Generated_Source\PSoC4/cyfitter_cfg.c **** *
 119:Generated_Source\PSoC4/cyfitter_cfg.c **** * Return:
 120:Generated_Source\PSoC4/cyfitter_cfg.c **** *   void
 121:Generated_Source\PSoC4/cyfitter_cfg.c **** *
 122:Generated_Source\PSoC4/cyfitter_cfg.c **** *******************************************************************************/
 123:Generated_Source\PSoC4/cyfitter_cfg.c **** CY_CFG_UNUSED
 124:Generated_Source\PSoC4/cyfitter_cfg.c **** static void CyClockStartupError(uint8 errorCode);
 125:Generated_Source\PSoC4/cyfitter_cfg.c **** CY_CFG_UNUSED
 126:Generated_Source\PSoC4/cyfitter_cfg.c **** static void CyClockStartupError(uint8 errorCode)
 127:Generated_Source\PSoC4/cyfitter_cfg.c **** {
 128:Generated_Source\PSoC4/cyfitter_cfg.c ****     /* To remove the compiler warning if errorCode not used.                */
 129:Generated_Source\PSoC4/cyfitter_cfg.c ****     errorCode = errorCode;
 130:Generated_Source\PSoC4/cyfitter_cfg.c **** 
 131:Generated_Source\PSoC4/cyfitter_cfg.c ****     /* If we have a clock startup error (bad MHz crystal, PLL lock, etc.),  */
 132:Generated_Source\PSoC4/cyfitter_cfg.c ****     /* we will end up here to allow the customer to implement something to  */
 133:Generated_Source\PSoC4/cyfitter_cfg.c ****     /* deal with the clock condition.                                       */
 134:Generated_Source\PSoC4/cyfitter_cfg.c **** 
 135:Generated_Source\PSoC4/cyfitter_cfg.c **** #ifdef CY_CFG_CLOCK_STARTUP_ERROR_CALLBACK
 136:Generated_Source\PSoC4/cyfitter_cfg.c ****     CY_CFG_Clock_Startup_ErrorCallback();
 137:Generated_Source\PSoC4/cyfitter_cfg.c **** #else
 138:Generated_Source\PSoC4/cyfitter_cfg.c ****     /*  If not using CY_CFG_CLOCK_STARTUP_ERROR_CALLBACK, place your clock startup code here. */
 139:Generated_Source\PSoC4/cyfitter_cfg.c ****     /* `#START CyClockStartupError` */
 140:Generated_Source\PSoC4/cyfitter_cfg.c **** 
 141:Generated_Source\PSoC4/cyfitter_cfg.c **** 
 142:Generated_Source\PSoC4/cyfitter_cfg.c **** 
 143:Generated_Source\PSoC4/cyfitter_cfg.c ****     /* `#END` */
 144:Generated_Source\PSoC4/cyfitter_cfg.c **** 
 145:Generated_Source\PSoC4/cyfitter_cfg.c ****     while(1) {}
 146:Generated_Source\PSoC4/cyfitter_cfg.c **** #endif /* CY_CFG_CLOCK_STARTUP_ERROR_CALLBACK */
 147:Generated_Source\PSoC4/cyfitter_cfg.c **** }
 148:Generated_Source\PSoC4/cyfitter_cfg.c **** #endif
 149:Generated_Source\PSoC4/cyfitter_cfg.c **** 
ARM GAS  C:\Users\Austina\AppData\Local\Temp\cc5oydIU.s 			page 6


 150:Generated_Source\PSoC4/cyfitter_cfg.c **** 
 151:Generated_Source\PSoC4/cyfitter_cfg.c **** 
 152:Generated_Source\PSoC4/cyfitter_cfg.c **** /*******************************************************************************
 153:Generated_Source\PSoC4/cyfitter_cfg.c **** * Function Name: ClockSetup
 154:Generated_Source\PSoC4/cyfitter_cfg.c **** ********************************************************************************
 155:Generated_Source\PSoC4/cyfitter_cfg.c **** *
 156:Generated_Source\PSoC4/cyfitter_cfg.c **** * Summary:
 157:Generated_Source\PSoC4/cyfitter_cfg.c **** *   Performs the initialization of all of the clocks in the device based on the
 158:Generated_Source\PSoC4/cyfitter_cfg.c **** *   settings in the Clock tab of the DWR.  This includes enabling the requested
 159:Generated_Source\PSoC4/cyfitter_cfg.c **** *   clocks and setting the necessary dividers to produce the desired frequency. 
 160:Generated_Source\PSoC4/cyfitter_cfg.c **** *
 161:Generated_Source\PSoC4/cyfitter_cfg.c **** * Parameters:
 162:Generated_Source\PSoC4/cyfitter_cfg.c **** *   void
 163:Generated_Source\PSoC4/cyfitter_cfg.c **** *
 164:Generated_Source\PSoC4/cyfitter_cfg.c **** * Return:
 165:Generated_Source\PSoC4/cyfitter_cfg.c **** *   void
 166:Generated_Source\PSoC4/cyfitter_cfg.c **** *
 167:Generated_Source\PSoC4/cyfitter_cfg.c **** *******************************************************************************/
 168:Generated_Source\PSoC4/cyfitter_cfg.c **** static void ClockSetup(void);
 169:Generated_Source\PSoC4/cyfitter_cfg.c **** CY_CFG_SECTION
 170:Generated_Source\PSoC4/cyfitter_cfg.c **** static void ClockSetup(void)
 171:Generated_Source\PSoC4/cyfitter_cfg.c **** {
 137              		.loc 1 171 0
 138              		.cfi_startproc
 139              		@ args = 0, pretend = 0, frame = 0
 140              		@ frame_needed = 1, uses_anonymous_args = 0
 141 0000 80B5     		push	{r7, lr}
 142              		.cfi_def_cfa_offset 8
 143              		.cfi_offset 7, -8
 144              		.cfi_offset 14, -4
 145 0002 00AF     		add	r7, sp, #0
 146              		.cfi_def_cfa_register 7
 172:Generated_Source\PSoC4/cyfitter_cfg.c **** 
 173:Generated_Source\PSoC4/cyfitter_cfg.c **** 	/* Set Flash Cycles based on max possible frequency in case a glitch occurs during ClockSetup(). *
 174:Generated_Source\PSoC4/cyfitter_cfg.c **** 	CY_SET_REG32((void CYXDATA *)(CYREG_CPUSS_FLASH_CTL), (0x0012u));
 147              		.loc 1 174 0
 148 0004 2D4B     		ldr	r3, .L5
 149 0006 1222     		movs	r2, #18
 150 0008 1A60     		str	r2, [r3]
 175:Generated_Source\PSoC4/cyfitter_cfg.c **** 
 176:Generated_Source\PSoC4/cyfitter_cfg.c **** 	/* Start the WCO */
 177:Generated_Source\PSoC4/cyfitter_cfg.c **** 	CySysClkWcoStart();
 151              		.loc 1 177 0
 152 000a FFF7FEFF 		bl	CySysClkWcoStart
 178:Generated_Source\PSoC4/cyfitter_cfg.c **** 	CyDelayCycles(12000000u); /* WCO may take up to 500ms to start */
 153              		.loc 1 178 0
 154 000e 2C4B     		ldr	r3, .L5+4
 155 0010 1800     		movs	r0, r3
 156 0012 FFF7FEFF 		bl	CyDelayCycles
 179:Generated_Source\PSoC4/cyfitter_cfg.c **** 	(void)CySysClkWcoSetPowerMode(CY_SYS_CLK_WCO_LPM);    /* Switch to the low power mode */
 157              		.loc 1 179 0
 158 0016 0120     		movs	r0, #1
 159 0018 FFF7FEFF 		bl	CySysClkWcoSetPowerMode
 180:Generated_Source\PSoC4/cyfitter_cfg.c **** 
 181:Generated_Source\PSoC4/cyfitter_cfg.c **** 	/* Setup and trim IMO based on desired frequency. */
 182:Generated_Source\PSoC4/cyfitter_cfg.c **** 	CySysClkWriteImoFreq(48u);
 160              		.loc 1 182 0
ARM GAS  C:\Users\Austina\AppData\Local\Temp\cc5oydIU.s 			page 7


 161 001c 3020     		movs	r0, #48
 162 001e FFF7FEFF 		bl	CySysClkWriteImoFreq
 183:Generated_Source\PSoC4/cyfitter_cfg.c **** 	/* CYDEV_CLK_ILO_CONFIG Starting address: CYDEV_CLK_ILO_CONFIG */
 184:Generated_Source\PSoC4/cyfitter_cfg.c **** 	CY_SET_REG32((void *)(CYREG_CLK_ILO_CONFIG), 0x80000006u);
 163              		.loc 1 184 0
 164 0022 284B     		ldr	r3, .L5+8
 165 0024 284A     		ldr	r2, .L5+12
 166 0026 1A60     		str	r2, [r3]
 185:Generated_Source\PSoC4/cyfitter_cfg.c **** 
 186:Generated_Source\PSoC4/cyfitter_cfg.c **** 	/* CYDEV_WDT_CONFIG Starting address: CYDEV_WDT_CONFIG */
 187:Generated_Source\PSoC4/cyfitter_cfg.c **** 	CY_SET_REG32((void *)(CYREG_WDT_CONFIG), 0x40000000u);
 167              		.loc 1 187 0
 168 0028 284B     		ldr	r3, .L5+16
 169 002a 8022     		movs	r2, #128
 170 002c D205     		lsls	r2, r2, #23
 171 002e 1A60     		str	r2, [r3]
 188:Generated_Source\PSoC4/cyfitter_cfg.c **** 
 189:Generated_Source\PSoC4/cyfitter_cfg.c **** 
 190:Generated_Source\PSoC4/cyfitter_cfg.c **** 	/* Enable fast start mode for XO */
 191:Generated_Source\PSoC4/cyfitter_cfg.c **** 	CY_SET_REG32((void*)CYREG_BLE_BLERD_BB_XO, CY_GET_REG32((void*)CYREG_BLE_BLERD_BB_XO) | (uint32)0x
 172              		.loc 1 191 0
 173 0030 274B     		ldr	r3, .L5+20
 174 0032 274A     		ldr	r2, .L5+20
 175 0034 1268     		ldr	r2, [r2]
 176 0036 0221     		movs	r1, #2
 177 0038 0A43     		orrs	r2, r1
 178 003a 1A60     		str	r2, [r3]
 192:Generated_Source\PSoC4/cyfitter_cfg.c **** 	CY_SET_REG32((void *)(CYREG_BLE_BLERD_BB_XO_CAPTRIM), 0x00007171u);
 179              		.loc 1 192 0
 180 003c 254B     		ldr	r3, .L5+24
 181 003e 264A     		ldr	r2, .L5+28
 182 0040 1A60     		str	r2, [r3]
 193:Generated_Source\PSoC4/cyfitter_cfg.c **** 	/*Set XTAL(ECO) divider*/
 194:Generated_Source\PSoC4/cyfitter_cfg.c **** 	CY_SET_REG32((void *)(CYREG_BLE_BLESS_XTAL_CLK_DIV_CONFIG), 0x00000000u);
 183              		.loc 1 194 0
 184 0042 264B     		ldr	r3, .L5+32
 185 0044 0022     		movs	r2, #0
 186 0046 1A60     		str	r2, [r3]
 195:Generated_Source\PSoC4/cyfitter_cfg.c **** 	/* Disable Crystal Stable Interrupt before enabling ECO */
 196:Generated_Source\PSoC4/cyfitter_cfg.c **** 	CY_SET_REG32((void*)CYREG_BLE_BLESS_LL_DSM_CTRL, CY_GET_REG32((void*)CYREG_BLE_BLESS_LL_DSM_CTRL) 
 187              		.loc 1 196 0
 188 0048 254B     		ldr	r3, .L5+36
 189 004a 254A     		ldr	r2, .L5+36
 190 004c 1268     		ldr	r2, [r2]
 191 004e 0821     		movs	r1, #8
 192 0050 8A43     		bics	r2, r1
 193 0052 1A60     		str	r2, [r3]
 197:Generated_Source\PSoC4/cyfitter_cfg.c **** 	/* Start the ECO and do not check status since it is not needed for HFCLK */
 198:Generated_Source\PSoC4/cyfitter_cfg.c **** 	(void)CySysClkEcoStart(2000u);
 194              		.loc 1 198 0
 195 0054 FA23     		movs	r3, #250
 196 0056 DB00     		lsls	r3, r3, #3
 197 0058 1800     		movs	r0, r3
 198 005a FFF7FEFF 		bl	CySysClkEcoStart
 199:Generated_Source\PSoC4/cyfitter_cfg.c **** 	CyDelayUs(1500u); /* Wait to stabilize */
 199              		.loc 1 199 0
 200 005e 214B     		ldr	r3, .L5+40
ARM GAS  C:\Users\Austina\AppData\Local\Temp\cc5oydIU.s 			page 8


 201 0060 1800     		movs	r0, r3
 202 0062 FFF7FEFF 		bl	CyDelayUs
 200:Generated_Source\PSoC4/cyfitter_cfg.c **** 
 201:Generated_Source\PSoC4/cyfitter_cfg.c **** 	/* Setup phase aligned clocks */
 202:Generated_Source\PSoC4/cyfitter_cfg.c **** 	CY_SET_REG32((void *)CYREG_PERI_DIV_16_CTL1, 0x0005DB00u);
 203              		.loc 1 202 0
 204 0066 204B     		ldr	r3, .L5+44
 205 0068 204A     		ldr	r2, .L5+48
 206 006a 1A60     		str	r2, [r3]
 203:Generated_Source\PSoC4/cyfitter_cfg.c **** 	CY_SET_REG32((void *)CYREG_PERI_DIV_CMD, 0x8000FF41u);
 207              		.loc 1 203 0
 208 006c 204B     		ldr	r3, .L5+52
 209 006e 214A     		ldr	r2, .L5+56
 210 0070 1A60     		str	r2, [r3]
 204:Generated_Source\PSoC4/cyfitter_cfg.c **** 	CY_SET_REG32((void *)CYREG_PERI_DIV_16_CTL0, 0x00002200u);
 211              		.loc 1 204 0
 212 0072 214B     		ldr	r3, .L5+60
 213 0074 8822     		movs	r2, #136
 214 0076 9201     		lsls	r2, r2, #6
 215 0078 1A60     		str	r2, [r3]
 205:Generated_Source\PSoC4/cyfitter_cfg.c **** 	CY_SET_REG32((void *)CYREG_PERI_DIV_CMD, 0x8000FF40u);
 216              		.loc 1 205 0
 217 007a 1D4B     		ldr	r3, .L5+52
 218 007c 1F4A     		ldr	r2, .L5+64
 219 007e 1A60     		str	r2, [r3]
 206:Generated_Source\PSoC4/cyfitter_cfg.c **** 
 207:Generated_Source\PSoC4/cyfitter_cfg.c **** 	/* CYDEV_CLK_IMO_CONFIG Starting address: CYDEV_CLK_IMO_CONFIG */
 208:Generated_Source\PSoC4/cyfitter_cfg.c **** 	CY_SET_REG32((void *)(CYREG_CLK_IMO_CONFIG), 0x80000000u);
 220              		.loc 1 208 0
 221 0080 1F4B     		ldr	r3, .L5+68
 222 0082 8022     		movs	r2, #128
 223 0084 1206     		lsls	r2, r2, #24
 224 0086 1A60     		str	r2, [r3]
 209:Generated_Source\PSoC4/cyfitter_cfg.c **** 
 210:Generated_Source\PSoC4/cyfitter_cfg.c **** 	/* CYDEV_CLK_SELECT Starting address: CYDEV_CLK_SELECT */
 211:Generated_Source\PSoC4/cyfitter_cfg.c **** 	CY_SET_REG32((void *)(CYREG_CLK_SELECT), 0x00040000u);
 225              		.loc 1 211 0
 226 0088 1E4B     		ldr	r3, .L5+72
 227 008a 8022     		movs	r2, #128
 228 008c D202     		lsls	r2, r2, #11
 229 008e 1A60     		str	r2, [r3]
 212:Generated_Source\PSoC4/cyfitter_cfg.c **** 
 213:Generated_Source\PSoC4/cyfitter_cfg.c **** 	/* CYDEV_PERI_PCLK_CTL7 Starting address: CYDEV_PERI_PCLK_CTL7 */
 214:Generated_Source\PSoC4/cyfitter_cfg.c **** 	CY_SET_REG32((void *)(CYREG_PERI_PCLK_CTL7), 0x00000041u);
 230              		.loc 1 214 0
 231 0090 1D4B     		ldr	r3, .L5+76
 232 0092 4122     		movs	r2, #65
 233 0094 1A60     		str	r2, [r3]
 215:Generated_Source\PSoC4/cyfitter_cfg.c **** 
 216:Generated_Source\PSoC4/cyfitter_cfg.c **** 	/* CYDEV_PERI_PCLK_CTL1 Starting address: CYDEV_PERI_PCLK_CTL1 */
 217:Generated_Source\PSoC4/cyfitter_cfg.c **** 	CY_SET_REG32((void *)(CYREG_PERI_PCLK_CTL1), 0x00000040u);
 234              		.loc 1 217 0
 235 0096 1D4B     		ldr	r3, .L5+80
 236 0098 4022     		movs	r2, #64
 237 009a 1A60     		str	r2, [r3]
 218:Generated_Source\PSoC4/cyfitter_cfg.c **** 
 219:Generated_Source\PSoC4/cyfitter_cfg.c **** 	(void)CyIntSetVector(8u, &CySysWdtIsr);
ARM GAS  C:\Users\Austina\AppData\Local\Temp\cc5oydIU.s 			page 9


 238              		.loc 1 219 0
 239 009c 1C4B     		ldr	r3, .L5+84
 240 009e 1900     		movs	r1, r3
 241 00a0 0820     		movs	r0, #8
 242 00a2 FFF7FEFF 		bl	CyIntSetVector
 220:Generated_Source\PSoC4/cyfitter_cfg.c **** 	CyIntEnable(8u);
 243              		.loc 1 220 0
 244 00a6 0820     		movs	r0, #8
 245 00a8 FFF7FEFF 		bl	CyIntEnable
 221:Generated_Source\PSoC4/cyfitter_cfg.c **** 	CY_SET_REG32((void *)(CYREG_WDT_CONFIG), 0x40000000u);
 246              		.loc 1 221 0
 247 00ac 074B     		ldr	r3, .L5+16
 248 00ae 8022     		movs	r2, #128
 249 00b0 D205     		lsls	r2, r2, #23
 250 00b2 1A60     		str	r2, [r3]
 222:Generated_Source\PSoC4/cyfitter_cfg.c **** }
 251              		.loc 1 222 0
 252 00b4 C046     		nop
 253 00b6 BD46     		mov	sp, r7
 254              		@ sp needed
 255 00b8 80BD     		pop	{r7, pc}
 256              	.L6:
 257 00ba C046     		.align	2
 258              	.L5:
 259 00bc 30001040 		.word	1074790448
 260 00c0 001BB700 		.word	12000000
 261 00c4 04010B40 		.word	1074462980
 262 00c8 06000080 		.word	-2147483642
 263 00cc 0C020B40 		.word	1074463244
 264 00d0 78002E40 		.word	1076756600
 265 00d4 7C002E40 		.word	1076756604
 266 00d8 71710000 		.word	29041
 267 00dc 64F02E40 		.word	1076818020
 268 00e0 6CF02E40 		.word	1076818028
 269 00e4 DC050000 		.word	1500
 270 00e8 04030140 		.word	1073808132
 271 00ec 00DB0500 		.word	383744
 272 00f0 00000140 		.word	1073807360
 273 00f4 41FF0080 		.word	-2147418303
 274 00f8 00030140 		.word	1073808128
 275 00fc 40FF0080 		.word	-2147418304
 276 0100 08010B40 		.word	1074462984
 277 0104 00010B40 		.word	1074462976
 278 0108 1C010140 		.word	1073807644
 279 010c 04010140 		.word	1073807620
 280 0110 00000000 		.word	CySysWdtIsr
 281              		.cfi_endproc
 282              	.LFE5:
 283              		.size	ClockSetup, .-ClockSetup
 284              		.section	.text.AnalogSetDefault,"ax",%progbits
 285              		.align	2
 286              		.code	16
 287              		.thumb_func
 288              		.type	AnalogSetDefault, %function
 289              	AnalogSetDefault:
 290              	.LFB6:
 223:Generated_Source\PSoC4/cyfitter_cfg.c **** 
ARM GAS  C:\Users\Austina\AppData\Local\Temp\cc5oydIU.s 			page 10


 224:Generated_Source\PSoC4/cyfitter_cfg.c **** 
 225:Generated_Source\PSoC4/cyfitter_cfg.c **** /* Analog API Functions */
 226:Generated_Source\PSoC4/cyfitter_cfg.c **** 
 227:Generated_Source\PSoC4/cyfitter_cfg.c **** 
 228:Generated_Source\PSoC4/cyfitter_cfg.c **** /*******************************************************************************
 229:Generated_Source\PSoC4/cyfitter_cfg.c **** * Function Name: AnalogSetDefault
 230:Generated_Source\PSoC4/cyfitter_cfg.c **** ********************************************************************************
 231:Generated_Source\PSoC4/cyfitter_cfg.c **** *
 232:Generated_Source\PSoC4/cyfitter_cfg.c **** * Summary:
 233:Generated_Source\PSoC4/cyfitter_cfg.c **** *  Sets up the analog portions of the chip to default values based on chip
 234:Generated_Source\PSoC4/cyfitter_cfg.c **** *  configuration options from the project.
 235:Generated_Source\PSoC4/cyfitter_cfg.c **** *
 236:Generated_Source\PSoC4/cyfitter_cfg.c **** * Parameters:
 237:Generated_Source\PSoC4/cyfitter_cfg.c **** *  void
 238:Generated_Source\PSoC4/cyfitter_cfg.c **** *
 239:Generated_Source\PSoC4/cyfitter_cfg.c **** * Return:
 240:Generated_Source\PSoC4/cyfitter_cfg.c **** *  void
 241:Generated_Source\PSoC4/cyfitter_cfg.c **** *
 242:Generated_Source\PSoC4/cyfitter_cfg.c **** *******************************************************************************/
 243:Generated_Source\PSoC4/cyfitter_cfg.c **** static void AnalogSetDefault(void);
 244:Generated_Source\PSoC4/cyfitter_cfg.c **** static void AnalogSetDefault(void)
 245:Generated_Source\PSoC4/cyfitter_cfg.c **** {
 291              		.loc 1 245 0
 292              		.cfi_startproc
 293              		@ args = 0, pretend = 0, frame = 0
 294              		@ frame_needed = 1, uses_anonymous_args = 0
 295 0000 80B5     		push	{r7, lr}
 296              		.cfi_def_cfa_offset 8
 297              		.cfi_offset 7, -8
 298              		.cfi_offset 14, -4
 299 0002 00AF     		add	r7, sp, #0
 300              		.cfi_def_cfa_register 7
 246:Generated_Source\PSoC4/cyfitter_cfg.c **** 	CY_SET_XTND_REG32((void CYFAR *)CYREG_CTBM0_DFT_CTRL, 0x00000003u);
 301              		.loc 1 246 0
 302 0004 054B     		ldr	r3, .L8
 303 0006 0322     		movs	r2, #3
 304 0008 1A60     		str	r2, [r3]
 247:Generated_Source\PSoC4/cyfitter_cfg.c **** 	CY_SET_XTND_REG32((void CYFAR *)CYREG_CTBM1_DFT_CTRL, 0x00000003u);
 305              		.loc 1 247 0
 306 000a 054B     		ldr	r3, .L8+4
 307 000c 0322     		movs	r2, #3
 308 000e 1A60     		str	r2, [r3]
 248:Generated_Source\PSoC4/cyfitter_cfg.c **** 	CY_SET_XTND_REG32((void CYFAR *)CYREG_PASS_DSAB_DSAB_CTRL, 0x00000000u);
 309              		.loc 1 248 0
 310 0010 044B     		ldr	r3, .L8+8
 311 0012 0022     		movs	r2, #0
 312 0014 1A60     		str	r2, [r3]
 249:Generated_Source\PSoC4/cyfitter_cfg.c **** }
 313              		.loc 1 249 0
 314 0016 C046     		nop
 315 0018 BD46     		mov	sp, r7
 316              		@ sp needed
 317 001a 80BD     		pop	{r7, pc}
 318              	.L9:
 319              		.align	2
 320              	.L8:
 321 001c 30003040 		.word	1076887600
ARM GAS  C:\Users\Austina\AppData\Local\Temp\cc5oydIU.s 			page 11


 322 0020 30003140 		.word	1076953136
 323 0024 000E3F40 		.word	1077874176
 324              		.cfi_endproc
 325              	.LFE6:
 326              		.size	AnalogSetDefault, .-AnalogSetDefault
 327              		.section	.psocinit
 328              		.align	2
 329              		.global	cyfitter_cfg
 330              		.code	16
 331              		.thumb_func
 332              		.type	cyfitter_cfg, %function
 333              	cyfitter_cfg:
 334              	.LFB7:
 250:Generated_Source\PSoC4/cyfitter_cfg.c **** 
 251:Generated_Source\PSoC4/cyfitter_cfg.c **** 
 252:Generated_Source\PSoC4/cyfitter_cfg.c **** 
 253:Generated_Source\PSoC4/cyfitter_cfg.c **** 
 254:Generated_Source\PSoC4/cyfitter_cfg.c **** /*******************************************************************************
 255:Generated_Source\PSoC4/cyfitter_cfg.c **** * Function Name: cyfitter_cfg
 256:Generated_Source\PSoC4/cyfitter_cfg.c **** ********************************************************************************
 257:Generated_Source\PSoC4/cyfitter_cfg.c **** * Summary:
 258:Generated_Source\PSoC4/cyfitter_cfg.c **** *  This function is called by the start-up code for the selected device. It
 259:Generated_Source\PSoC4/cyfitter_cfg.c **** *  performs all of the necessary device configuration based on the design
 260:Generated_Source\PSoC4/cyfitter_cfg.c **** *  settings.  This includes settings from the Design Wide Resources (DWR) such
 261:Generated_Source\PSoC4/cyfitter_cfg.c **** *  as Clocks and Pins as well as any component configuration that is necessary.
 262:Generated_Source\PSoC4/cyfitter_cfg.c **** *
 263:Generated_Source\PSoC4/cyfitter_cfg.c **** * Parameters:
 264:Generated_Source\PSoC4/cyfitter_cfg.c **** *   void
 265:Generated_Source\PSoC4/cyfitter_cfg.c **** *
 266:Generated_Source\PSoC4/cyfitter_cfg.c **** * Return:
 267:Generated_Source\PSoC4/cyfitter_cfg.c **** *   void
 268:Generated_Source\PSoC4/cyfitter_cfg.c **** *
 269:Generated_Source\PSoC4/cyfitter_cfg.c **** *******************************************************************************/
 270:Generated_Source\PSoC4/cyfitter_cfg.c **** CY_CFG_SECTION
 271:Generated_Source\PSoC4/cyfitter_cfg.c **** void cyfitter_cfg(void)
 272:Generated_Source\PSoC4/cyfitter_cfg.c **** {
 335              		.loc 1 272 0
 336              		.cfi_startproc
 337              		@ args = 0, pretend = 0, frame = 8
 338              		@ frame_needed = 1, uses_anonymous_args = 0
 339 0114 80B5     		push	{r7, lr}
 340              		.cfi_def_cfa_offset 8
 341              		.cfi_offset 7, -8
 342              		.cfi_offset 14, -4
 343 0116 82B0     		sub	sp, sp, #8
 344              		.cfi_def_cfa_offset 16
 345 0118 00AF     		add	r7, sp, #0
 346              		.cfi_def_cfa_register 7
 273:Generated_Source\PSoC4/cyfitter_cfg.c **** 	/* Disable interrupts by default. Let user enable if/when they want. */
 274:Generated_Source\PSoC4/cyfitter_cfg.c **** 	CyGlobalIntDisable;
 347              		.loc 1 274 0
 348              		.syntax divided
 349              	@ 274 "Generated_Source\PSoC4\cyfitter_cfg.c" 1
 350 011a 72B6     		CPSID   i
 351              	@ 0 "" 2
 275:Generated_Source\PSoC4/cyfitter_cfg.c **** 
 276:Generated_Source\PSoC4/cyfitter_cfg.c **** 	CY_SET_REG32((void *)(CYREG_BLE_BLESS_LL_DSM_CTRL), 0x00000000u);
ARM GAS  C:\Users\Austina\AppData\Local\Temp\cc5oydIU.s 			page 12


 352              		.loc 1 276 0
 353              		.thumb
 354              		.syntax unified
 355 011c 3A4B     		ldr	r3, .L13
 356 011e 0022     		movs	r2, #0
 357 0120 1A60     		str	r2, [r3]
 358              	.LBB2:
 277:Generated_Source\PSoC4/cyfitter_cfg.c **** 
 278:Generated_Source\PSoC4/cyfitter_cfg.c **** 	{
 279:Generated_Source\PSoC4/cyfitter_cfg.c **** 
 280:Generated_Source\PSoC4/cyfitter_cfg.c **** 		CYPACKED typedef struct {
 281:Generated_Source\PSoC4/cyfitter_cfg.c **** 			void CYFAR *address;
 282:Generated_Source\PSoC4/cyfitter_cfg.c **** 			uint16 size;
 283:Generated_Source\PSoC4/cyfitter_cfg.c **** 		} CYPACKED_ATTR cfg_memset_t;
 284:Generated_Source\PSoC4/cyfitter_cfg.c **** 
 285:Generated_Source\PSoC4/cyfitter_cfg.c **** 		static const cfg_memset_t CYCODE cfg_memset_list[] = {
 286:Generated_Source\PSoC4/cyfitter_cfg.c **** 			/* address, size */
 287:Generated_Source\PSoC4/cyfitter_cfg.c **** 			{(void CYFAR *)(CYDEV_UDB_P0_U0_BASE), 1024u},
 288:Generated_Source\PSoC4/cyfitter_cfg.c **** 			{(void CYFAR *)(CYDEV_UDB_DSI0_BASE), 1024u},
 289:Generated_Source\PSoC4/cyfitter_cfg.c **** 		};
 290:Generated_Source\PSoC4/cyfitter_cfg.c **** 
 291:Generated_Source\PSoC4/cyfitter_cfg.c **** 		uint8 CYDATA i;
 292:Generated_Source\PSoC4/cyfitter_cfg.c **** 
 293:Generated_Source\PSoC4/cyfitter_cfg.c **** 		/* Zero out critical memory blocks before beginning configuration */
 294:Generated_Source\PSoC4/cyfitter_cfg.c **** 		for (i = 0u; i < (sizeof(cfg_memset_list)/sizeof(cfg_memset_list[0])); i++)
 359              		.loc 1 294 0
 360 0122 FB1D     		adds	r3, r7, #7
 361 0124 0022     		movs	r2, #0
 362 0126 1A70     		strb	r2, [r3]
 363 0128 22E0     		b	.L11
 364              	.L12:
 365              	.LBB3:
 295:Generated_Source\PSoC4/cyfitter_cfg.c **** 		{
 296:Generated_Source\PSoC4/cyfitter_cfg.c **** 			const cfg_memset_t CYCODE * CYDATA ms = &cfg_memset_list[i];
 366              		.loc 1 296 0 discriminator 3
 367 012a FB1D     		adds	r3, r7, #7
 368 012c 1A78     		ldrb	r2, [r3]
 369 012e 1300     		movs	r3, r2
 370 0130 5B00     		lsls	r3, r3, #1
 371 0132 9B18     		adds	r3, r3, r2
 372 0134 5B00     		lsls	r3, r3, #1
 373 0136 354A     		ldr	r2, .L13+4
 374 0138 9B18     		adds	r3, r3, r2
 375 013a 3B60     		str	r3, [r7]
 297:Generated_Source\PSoC4/cyfitter_cfg.c **** 			CYMEMZERO(ms->address, (size_t)(uint32)(ms->size));
 376              		.loc 1 297 0 discriminator 3
 377 013c 3B68     		ldr	r3, [r7]
 378 013e 1A78     		ldrb	r2, [r3]
 379 0140 5978     		ldrb	r1, [r3, #1]
 380 0142 0902     		lsls	r1, r1, #8
 381 0144 0A43     		orrs	r2, r1
 382 0146 9978     		ldrb	r1, [r3, #2]
 383 0148 0904     		lsls	r1, r1, #16
 384 014a 0A43     		orrs	r2, r1
 385 014c DB78     		ldrb	r3, [r3, #3]
 386 014e 1B06     		lsls	r3, r3, #24
 387 0150 1343     		orrs	r3, r2
ARM GAS  C:\Users\Austina\AppData\Local\Temp\cc5oydIU.s 			page 13


 388 0152 1800     		movs	r0, r3
 389 0154 3B68     		ldr	r3, [r7]
 390 0156 1A79     		ldrb	r2, [r3, #4]
 391 0158 5B79     		ldrb	r3, [r3, #5]
 392 015a 1B02     		lsls	r3, r3, #8
 393 015c 1343     		orrs	r3, r2
 394 015e 9BB2     		uxth	r3, r3
 395 0160 1900     		movs	r1, r3
 396 0162 FFF7FEFF 		bl	CYMEMZERO
 397              	.LBE3:
 294:Generated_Source\PSoC4/cyfitter_cfg.c **** 		{
 398              		.loc 1 294 0 discriminator 3
 399 0166 FB1D     		adds	r3, r7, #7
 400 0168 1A78     		ldrb	r2, [r3]
 401 016a FB1D     		adds	r3, r7, #7
 402 016c 0132     		adds	r2, r2, #1
 403 016e 1A70     		strb	r2, [r3]
 404              	.L11:
 294:Generated_Source\PSoC4/cyfitter_cfg.c **** 		{
 405              		.loc 1 294 0 is_stmt 0 discriminator 1
 406 0170 FB1D     		adds	r3, r7, #7
 407 0172 1B78     		ldrb	r3, [r3]
 408 0174 012B     		cmp	r3, #1
 409 0176 D8D9     		bls	.L12
 298:Generated_Source\PSoC4/cyfitter_cfg.c **** 		}
 299:Generated_Source\PSoC4/cyfitter_cfg.c **** 
 300:Generated_Source\PSoC4/cyfitter_cfg.c **** 		/* HSIOM Starting address: CYDEV_HSIOM_BASE */
 301:Generated_Source\PSoC4/cyfitter_cfg.c **** 		CY_SET_REG32((void *)(CYDEV_HSIOM_BASE), 0xEE000000u);
 410              		.loc 1 301 0 is_stmt 1
 411 0178 254B     		ldr	r3, .L13+8
 412 017a EE22     		movs	r2, #238
 413 017c 1206     		lsls	r2, r2, #24
 414 017e 1A60     		str	r2, [r3]
 302:Generated_Source\PSoC4/cyfitter_cfg.c **** 		CY_SET_REG32((void *)(CYREG_HSIOM_PORT_SEL1), 0x00990000u);
 415              		.loc 1 302 0
 416 0180 244B     		ldr	r3, .L13+12
 417 0182 9922     		movs	r2, #153
 418 0184 1204     		lsls	r2, r2, #16
 419 0186 1A60     		str	r2, [r3]
 303:Generated_Source\PSoC4/cyfitter_cfg.c **** 
 304:Generated_Source\PSoC4/cyfitter_cfg.c **** 		/* UDB_PA_0 Starting address: CYDEV_UDB_PA0_BASE */
 305:Generated_Source\PSoC4/cyfitter_cfg.c **** 		CY_SET_REG32((void *)(CYDEV_UDB_PA0_BASE), 0x00990000u);
 420              		.loc 1 305 0
 421 0188 234B     		ldr	r3, .L13+16
 422 018a 9922     		movs	r2, #153
 423 018c 1204     		lsls	r2, r2, #16
 424 018e 1A60     		str	r2, [r3]
 306:Generated_Source\PSoC4/cyfitter_cfg.c **** 
 307:Generated_Source\PSoC4/cyfitter_cfg.c **** 		/* UDB_PA_1 Starting address: CYDEV_UDB_PA1_BASE */
 308:Generated_Source\PSoC4/cyfitter_cfg.c **** 		CY_SET_REG32((void *)(CYDEV_UDB_PA1_BASE), 0x00990000u);
 425              		.loc 1 308 0
 426 0190 224B     		ldr	r3, .L13+20
 427 0192 9922     		movs	r2, #153
 428 0194 1204     		lsls	r2, r2, #16
 429 0196 1A60     		str	r2, [r3]
 309:Generated_Source\PSoC4/cyfitter_cfg.c **** 
 310:Generated_Source\PSoC4/cyfitter_cfg.c **** 		/* UDB_PA_3 Starting address: CYDEV_UDB_PA3_BASE */
ARM GAS  C:\Users\Austina\AppData\Local\Temp\cc5oydIU.s 			page 14


 311:Generated_Source\PSoC4/cyfitter_cfg.c **** 		CY_SET_REG32((void *)(CYDEV_UDB_PA3_BASE), 0x00990000u);
 430              		.loc 1 311 0
 431 0198 214B     		ldr	r3, .L13+24
 432 019a 9922     		movs	r2, #153
 433 019c 1204     		lsls	r2, r2, #16
 434 019e 1A60     		str	r2, [r3]
 312:Generated_Source\PSoC4/cyfitter_cfg.c **** 
 313:Generated_Source\PSoC4/cyfitter_cfg.c **** 		/* Enable digital routing */
 314:Generated_Source\PSoC4/cyfitter_cfg.c **** 		CY_SET_XTND_REG8((void *)CYREG_UDB_UDBIF_BANK_CTL, (uint8)(CY_GET_XTND_REG8((void *)CYREG_UDB_UDB
 435              		.loc 1 314 0
 436 01a0 204A     		ldr	r2, .L13+28
 437 01a2 204B     		ldr	r3, .L13+28
 438 01a4 1B78     		ldrb	r3, [r3]
 439 01a6 DBB2     		uxtb	r3, r3
 440 01a8 0621     		movs	r1, #6
 441 01aa 0B43     		orrs	r3, r1
 442 01ac DBB2     		uxtb	r3, r3
 443 01ae 1370     		strb	r3, [r2]
 444              	.LBE2:
 315:Generated_Source\PSoC4/cyfitter_cfg.c **** 	}
 316:Generated_Source\PSoC4/cyfitter_cfg.c **** 
 317:Generated_Source\PSoC4/cyfitter_cfg.c **** 	/* Perform second pass device configuration. These items must be configured in specific order afte
 318:Generated_Source\PSoC4/cyfitter_cfg.c **** 	/* IOPINS0_0 Starting address: CYDEV_GPIO_PRT0_BASE */
 319:Generated_Source\PSoC4/cyfitter_cfg.c **** 	CY_SET_REG32((void *)(CYDEV_GPIO_PRT0_BASE), 0x00000030u);
 445              		.loc 1 319 0
 446 01b0 1D4B     		ldr	r3, .L13+32
 447 01b2 3022     		movs	r2, #48
 448 01b4 1A60     		str	r2, [r3]
 320:Generated_Source\PSoC4/cyfitter_cfg.c **** 	CY_SET_REG32((void *)(CYREG_GPIO_PRT0_PC), 0x00D92000u);
 449              		.loc 1 320 0
 450 01b6 1D4B     		ldr	r3, .L13+36
 451 01b8 1D4A     		ldr	r2, .L13+40
 452 01ba 1A60     		str	r2, [r3]
 321:Generated_Source\PSoC4/cyfitter_cfg.c **** 
 322:Generated_Source\PSoC4/cyfitter_cfg.c **** 	/* IOPINS0_1 Starting address: CYDEV_GPIO_PRT1_BASE */
 323:Generated_Source\PSoC4/cyfitter_cfg.c **** 	CY_SET_REG32((void *)(CYDEV_GPIO_PRT1_BASE), 0x000000E0u);
 453              		.loc 1 323 0
 454 01bc 1D4B     		ldr	r3, .L13+44
 455 01be E022     		movs	r2, #224
 456 01c0 1A60     		str	r2, [r3]
 324:Generated_Source\PSoC4/cyfitter_cfg.c **** 	CY_SET_REG32((void *)(CYREG_GPIO_PRT1_PC), 0x004B1000u);
 457              		.loc 1 324 0
 458 01c2 1D4B     		ldr	r3, .L13+48
 459 01c4 1D4A     		ldr	r2, .L13+52
 460 01c6 1A60     		str	r2, [r3]
 325:Generated_Source\PSoC4/cyfitter_cfg.c **** 	CY_SET_REG32((void *)(CYREG_GPIO_PRT1_PC2), 0x00000020u);
 461              		.loc 1 325 0
 462 01c8 1D4B     		ldr	r3, .L13+56
 463 01ca 2022     		movs	r2, #32
 464 01cc 1A60     		str	r2, [r3]
 326:Generated_Source\PSoC4/cyfitter_cfg.c **** 
 327:Generated_Source\PSoC4/cyfitter_cfg.c **** 	/* IOPINS0_3 Starting address: CYDEV_GPIO_PRT3_BASE */
 328:Generated_Source\PSoC4/cyfitter_cfg.c **** 	CY_SET_REG32((void *)(CYDEV_GPIO_PRT3_BASE), 0x000000F0u);
 465              		.loc 1 328 0
 466 01ce 1D4B     		ldr	r3, .L13+60
 467 01d0 F022     		movs	r2, #240
 468 01d2 1A60     		str	r2, [r3]
ARM GAS  C:\Users\Austina\AppData\Local\Temp\cc5oydIU.s 			page 15


 329:Generated_Source\PSoC4/cyfitter_cfg.c **** 	CY_SET_REG32((void *)(CYREG_GPIO_PRT3_PC), 0x00490000u);
 469              		.loc 1 329 0
 470 01d4 1C4B     		ldr	r3, .L13+64
 471 01d6 9222     		movs	r2, #146
 472 01d8 D203     		lsls	r2, r2, #15
 473 01da 1A60     		str	r2, [r3]
 330:Generated_Source\PSoC4/cyfitter_cfg.c **** 	CY_SET_REG32((void *)(CYREG_GPIO_PRT3_INTR_CFG), 0x00000400u);
 474              		.loc 1 330 0
 475 01dc 1B4B     		ldr	r3, .L13+68
 476 01de 8022     		movs	r2, #128
 477 01e0 D200     		lsls	r2, r2, #3
 478 01e2 1A60     		str	r2, [r3]
 331:Generated_Source\PSoC4/cyfitter_cfg.c **** 	CY_SET_REG32((void *)(CYREG_GPIO_PRT3_PC2), 0x00000010u);
 479              		.loc 1 331 0
 480 01e4 1A4B     		ldr	r3, .L13+72
 481 01e6 1022     		movs	r2, #16
 482 01e8 1A60     		str	r2, [r3]
 332:Generated_Source\PSoC4/cyfitter_cfg.c **** 
 333:Generated_Source\PSoC4/cyfitter_cfg.c **** 	/* IOPINS0_4 Starting address: CYDEV_GPIO_PRT4_BASE */
 334:Generated_Source\PSoC4/cyfitter_cfg.c **** 	CY_SET_REG32((void *)(CYDEV_GPIO_PRT4_BASE), 0x00000002u);
 483              		.loc 1 334 0
 484 01ea 1A4B     		ldr	r3, .L13+76
 485 01ec 0222     		movs	r2, #2
 486 01ee 1A60     		str	r2, [r3]
 335:Generated_Source\PSoC4/cyfitter_cfg.c **** 	CY_SET_REG32((void *)(CYREG_GPIO_PRT4_PC), 0x00000026u);
 487              		.loc 1 335 0
 488 01f0 194B     		ldr	r3, .L13+80
 489 01f2 2622     		movs	r2, #38
 490 01f4 1A60     		str	r2, [r3]
 336:Generated_Source\PSoC4/cyfitter_cfg.c **** 
 337:Generated_Source\PSoC4/cyfitter_cfg.c **** 
 338:Generated_Source\PSoC4/cyfitter_cfg.c **** 	/* Setup clocks based on selections from Clock DWR */
 339:Generated_Source\PSoC4/cyfitter_cfg.c **** 	ClockSetup();
 491              		.loc 1 339 0
 492 01f6 FFF703FF 		bl	ClockSetup
 340:Generated_Source\PSoC4/cyfitter_cfg.c **** 
 341:Generated_Source\PSoC4/cyfitter_cfg.c **** 	/* Perform basic analog initialization to defaults */
 342:Generated_Source\PSoC4/cyfitter_cfg.c **** 	AnalogSetDefault();
 493              		.loc 1 342 0
 494 01fa FFF7FEFF 		bl	AnalogSetDefault
 343:Generated_Source\PSoC4/cyfitter_cfg.c **** 
 344:Generated_Source\PSoC4/cyfitter_cfg.c **** }
 495              		.loc 1 344 0
 496 01fe C046     		nop
 497 0200 BD46     		mov	sp, r7
 498 0202 02B0     		add	sp, sp, #8
 499              		@ sp needed
 500 0204 80BD     		pop	{r7, pc}
 501              	.L14:
 502 0206 C046     		.align	2
 503              	.L13:
 504 0208 6CF02E40 		.word	1076818028
 505 020c 00000000 		.word	cfg_memset_list.4893
 506 0210 00000240 		.word	1073872896
 507 0214 00010240 		.word	1073873152
 508 0218 00500F40 		.word	1074745344
 509 021c 10500F40 		.word	1074745360
ARM GAS  C:\Users\Austina\AppData\Local\Temp\cc5oydIU.s 			page 16


 510 0220 30500F40 		.word	1074745392
 511 0224 00700F40 		.word	1074753536
 512 0228 00000440 		.word	1074003968
 513 022c 08000440 		.word	1074003976
 514 0230 0020D900 		.word	14229504
 515 0234 00010440 		.word	1074004224
 516 0238 08010440 		.word	1074004232
 517 023c 00104B00 		.word	4919296
 518 0240 18010440 		.word	1074004248
 519 0244 00030440 		.word	1074004736
 520 0248 08030440 		.word	1074004744
 521 024c 0C030440 		.word	1074004748
 522 0250 18030440 		.word	1074004760
 523 0254 00040440 		.word	1074004992
 524 0258 08040440 		.word	1074005000
 525              		.cfi_endproc
 526              	.LFE7:
 527              		.size	cyfitter_cfg, .-cyfitter_cfg
 528              		.section	.rodata
 529              		.align	2
 530              		.type	cfg_memset_list.4893, %object
 531              		.size	cfg_memset_list.4893, 12
 532              	cfg_memset_list.4893:
 533 0000 00300F40 		.word	1074737152
 534 0004 0004     		.short	1024
 535 0006 00400F40 		.4byte	1074741248
 536 000a 0004     		.short	1024
 537              		.text
 538              	.Letext0:
 539              		.file 2 "c:\\program files (x86)\\cypress\\psoc creator\\4.4\\psoc creator\\import\\gnu\\arm\\5.4.
 540              		.file 3 "Generated_Source\\PSoC4\\cytypes.h"
 541              		.section	.debug_info,"",%progbits
 542              	.Ldebug_info0:
 543 0000 55020000 		.4byte	0x255
 544 0004 0400     		.2byte	0x4
 545 0006 00000000 		.4byte	.Ldebug_abbrev0
 546 000a 04       		.byte	0x4
 547 000b 01       		.uleb128 0x1
 548 000c 83000000 		.4byte	.LASF30
 549 0010 0C       		.byte	0xc
 550 0011 C1010000 		.4byte	.LASF31
 551 0015 03020000 		.4byte	.LASF32
 552 0019 00000000 		.4byte	.Ldebug_ranges0+0
 553 001d 00000000 		.4byte	0
 554 0021 00000000 		.4byte	.Ldebug_line0
 555 0025 02       		.uleb128 0x2
 556 0026 04       		.byte	0x4
 557 0027 05       		.byte	0x5
 558 0028 696E7400 		.ascii	"int\000"
 559 002c 03       		.uleb128 0x3
 560 002d 06000000 		.4byte	.LASF12
 561 0031 02       		.byte	0x2
 562 0032 D8       		.byte	0xd8
 563 0033 37000000 		.4byte	0x37
 564 0037 04       		.uleb128 0x4
 565 0038 04       		.byte	0x4
 566 0039 07       		.byte	0x7
ARM GAS  C:\Users\Austina\AppData\Local\Temp\cc5oydIU.s 			page 17


 567 003a 41010000 		.4byte	.LASF0
 568 003e 04       		.uleb128 0x4
 569 003f 08       		.byte	0x8
 570 0040 05       		.byte	0x5
 571 0041 83010000 		.4byte	.LASF1
 572 0045 04       		.uleb128 0x4
 573 0046 08       		.byte	0x8
 574 0047 04       		.byte	0x4
 575 0048 A9010000 		.4byte	.LASF2
 576 004c 04       		.uleb128 0x4
 577 004d 01       		.byte	0x1
 578 004e 06       		.byte	0x6
 579 004f B5010000 		.4byte	.LASF3
 580 0053 04       		.uleb128 0x4
 581 0054 01       		.byte	0x1
 582 0055 08       		.byte	0x8
 583 0056 11010000 		.4byte	.LASF4
 584 005a 04       		.uleb128 0x4
 585 005b 02       		.byte	0x2
 586 005c 05       		.byte	0x5
 587 005d 96010000 		.4byte	.LASF5
 588 0061 04       		.uleb128 0x4
 589 0062 02       		.byte	0x2
 590 0063 07       		.byte	0x7
 591 0064 39000000 		.4byte	.LASF6
 592 0068 04       		.uleb128 0x4
 593 0069 04       		.byte	0x4
 594 006a 05       		.byte	0x5
 595 006b A0010000 		.4byte	.LASF7
 596 006f 04       		.uleb128 0x4
 597 0070 04       		.byte	0x4
 598 0071 07       		.byte	0x7
 599 0072 61000000 		.4byte	.LASF8
 600 0076 04       		.uleb128 0x4
 601 0077 08       		.byte	0x8
 602 0078 07       		.byte	0x7
 603 0079 56010000 		.4byte	.LASF9
 604 007d 04       		.uleb128 0x4
 605 007e 04       		.byte	0x4
 606 007f 07       		.byte	0x7
 607 0080 7A010000 		.4byte	.LASF10
 608 0084 05       		.uleb128 0x5
 609 0085 04       		.byte	0x4
 610 0086 04       		.uleb128 0x4
 611 0087 01       		.byte	0x1
 612 0088 08       		.byte	0x8
 613 0089 91010000 		.4byte	.LASF11
 614 008d 06       		.uleb128 0x6
 615 008e 73000000 		.4byte	.LASF13
 616 0092 03       		.byte	0x3
 617 0093 FC01     		.2byte	0x1fc
 618 0095 53000000 		.4byte	0x53
 619 0099 06       		.uleb128 0x6
 620 009a 33010000 		.4byte	.LASF14
 621 009e 03       		.byte	0x3
 622 009f FD01     		.2byte	0x1fd
 623 00a1 61000000 		.4byte	0x61
ARM GAS  C:\Users\Austina\AppData\Local\Temp\cc5oydIU.s 			page 18


 624 00a5 06       		.uleb128 0x6
 625 00a6 3A010000 		.4byte	.LASF15
 626 00aa 03       		.byte	0x3
 627 00ab FE01     		.2byte	0x1fe
 628 00ad 6F000000 		.4byte	0x6f
 629 00b1 04       		.uleb128 0x4
 630 00b2 04       		.byte	0x4
 631 00b3 04       		.byte	0x4
 632 00b4 4C000000 		.4byte	.LASF16
 633 00b8 04       		.uleb128 0x4
 634 00b9 08       		.byte	0x8
 635 00ba 04       		.byte	0x4
 636 00bb 1F010000 		.4byte	.LASF17
 637 00bf 06       		.uleb128 0x6
 638 00c0 5C000000 		.4byte	.LASF18
 639 00c4 03       		.byte	0x3
 640 00c5 A602     		.2byte	0x2a6
 641 00c7 CB000000 		.4byte	0xcb
 642 00cb 07       		.uleb128 0x7
 643 00cc 8D000000 		.4byte	0x8d
 644 00d0 06       		.uleb128 0x6
 645 00d1 00000000 		.4byte	.LASF19
 646 00d5 03       		.byte	0x3
 647 00d6 A802     		.2byte	0x2a8
 648 00d8 DC000000 		.4byte	0xdc
 649 00dc 07       		.uleb128 0x7
 650 00dd A5000000 		.4byte	0xa5
 651 00e1 08       		.uleb128 0x8
 652 00e2 79000000 		.4byte	.LASF20
 653 00e6 01       		.byte	0x1
 654 00e7 4C       		.byte	0x4c
 655 00e8 00000000 		.4byte	.LFB2
 656 00ec 1E000000 		.4byte	.LFE2-.LFB2
 657 00f0 01       		.uleb128 0x1
 658 00f1 9C       		.byte	0x9c
 659 00f2 0F010000 		.4byte	0x10f
 660 00f6 09       		.uleb128 0x9
 661 00f7 7300     		.ascii	"s\000"
 662 00f9 01       		.byte	0x1
 663 00fa 4C       		.byte	0x4c
 664 00fb 84000000 		.4byte	0x84
 665 00ff 02       		.uleb128 0x2
 666 0100 91       		.byte	0x91
 667 0101 74       		.sleb128 -12
 668 0102 09       		.uleb128 0x9
 669 0103 6E00     		.ascii	"n\000"
 670 0105 01       		.byte	0x1
 671 0106 4C       		.byte	0x4c
 672 0107 2C000000 		.4byte	0x2c
 673 010b 02       		.uleb128 0x2
 674 010c 91       		.byte	0x91
 675 010d 70       		.sleb128 -16
 676 010e 00       		.byte	0
 677 010f 08       		.uleb128 0x8
 678 0110 F7010000 		.4byte	.LASF21
 679 0114 01       		.byte	0x1
 680 0115 53       		.byte	0x53
ARM GAS  C:\Users\Austina\AppData\Local\Temp\cc5oydIU.s 			page 19


 681 0116 00000000 		.4byte	.LFB3
 682 011a 20000000 		.4byte	.LFE3-.LFB3
 683 011e 01       		.uleb128 0x1
 684 011f 9C       		.byte	0x9c
 685 0120 4D010000 		.4byte	0x14d
 686 0124 0A       		.uleb128 0xa
 687 0125 52000000 		.4byte	.LASF22
 688 0129 01       		.byte	0x1
 689 012a 53       		.byte	0x53
 690 012b 84000000 		.4byte	0x84
 691 012f 02       		.uleb128 0x2
 692 0130 91       		.byte	0x91
 693 0131 74       		.sleb128 -12
 694 0132 09       		.uleb128 0x9
 695 0133 73726300 		.ascii	"src\000"
 696 0137 01       		.byte	0x1
 697 0138 53       		.byte	0x53
 698 0139 4D010000 		.4byte	0x14d
 699 013d 02       		.uleb128 0x2
 700 013e 91       		.byte	0x91
 701 013f 70       		.sleb128 -16
 702 0140 09       		.uleb128 0x9
 703 0141 6E00     		.ascii	"n\000"
 704 0143 01       		.byte	0x1
 705 0144 53       		.byte	0x53
 706 0145 2C000000 		.4byte	0x2c
 707 0149 02       		.uleb128 0x2
 708 014a 91       		.byte	0x91
 709 014b 6C       		.sleb128 -20
 710 014c 00       		.byte	0
 711 014d 0B       		.uleb128 0xb
 712 014e 04       		.byte	0x4
 713 014f 53010000 		.4byte	0x153
 714 0153 0C       		.uleb128 0xc
 715 0154 08       		.uleb128 0x8
 716 0155 E7010000 		.4byte	.LASF23
 717 0159 01       		.byte	0x1
 718 015a 5A       		.byte	0x5a
 719 015b 00000000 		.4byte	.LFB4
 720 015f 20000000 		.4byte	.LFE4-.LFB4
 721 0163 01       		.uleb128 0x1
 722 0164 9C       		.byte	0x9c
 723 0165 92010000 		.4byte	0x192
 724 0169 0A       		.uleb128 0xa
 725 016a 52000000 		.4byte	.LASF22
 726 016e 01       		.byte	0x1
 727 016f 5A       		.byte	0x5a
 728 0170 84000000 		.4byte	0x84
 729 0174 02       		.uleb128 0x2
 730 0175 91       		.byte	0x91
 731 0176 74       		.sleb128 -12
 732 0177 09       		.uleb128 0x9
 733 0178 73726300 		.ascii	"src\000"
 734 017c 01       		.byte	0x1
 735 017d 5A       		.byte	0x5a
 736 017e 4D010000 		.4byte	0x14d
 737 0182 02       		.uleb128 0x2
ARM GAS  C:\Users\Austina\AppData\Local\Temp\cc5oydIU.s 			page 20


 738 0183 91       		.byte	0x91
 739 0184 70       		.sleb128 -16
 740 0185 09       		.uleb128 0x9
 741 0186 6E00     		.ascii	"n\000"
 742 0188 01       		.byte	0x1
 743 0189 5A       		.byte	0x5a
 744 018a 2C000000 		.4byte	0x2c
 745 018e 02       		.uleb128 0x2
 746 018f 91       		.byte	0x91
 747 0190 6C       		.sleb128 -20
 748 0191 00       		.byte	0
 749 0192 0D       		.uleb128 0xd
 750 0193 2E000000 		.4byte	.LASF24
 751 0197 01       		.byte	0x1
 752 0198 AA       		.byte	0xaa
 753 0199 00000000 		.4byte	.LFB5
 754 019d 14010000 		.4byte	.LFE5-.LFB5
 755 01a1 01       		.uleb128 0x1
 756 01a2 9C       		.byte	0x9c
 757 01a3 0E       		.uleb128 0xe
 758 01a4 0D000000 		.4byte	.LASF25
 759 01a8 01       		.byte	0x1
 760 01a9 F4       		.byte	0xf4
 761 01aa 00000000 		.4byte	.LFB6
 762 01ae 28000000 		.4byte	.LFE6-.LFB6
 763 01b2 01       		.uleb128 0x1
 764 01b3 9C       		.byte	0x9c
 765 01b4 0F       		.uleb128 0xf
 766 01b5 26010000 		.4byte	.LASF33
 767 01b9 01       		.byte	0x1
 768 01ba 0F01     		.2byte	0x10f
 769 01bc 14010000 		.4byte	.LFB7
 770 01c0 48010000 		.4byte	.LFE7-.LFB7
 771 01c4 01       		.uleb128 0x1
 772 01c5 9C       		.byte	0x9c
 773 01c6 10       		.uleb128 0x10
 774 01c7 22010000 		.4byte	.LBB2
 775 01cb 8E000000 		.4byte	.LBE2-.LBB2
 776 01cf 11       		.uleb128 0x11
 777 01d0 06       		.byte	0x6
 778 01d1 01       		.byte	0x1
 779 01d2 1801     		.2byte	0x118
 780 01d4 F3010000 		.4byte	0x1f3
 781 01d8 12       		.uleb128 0x12
 782 01d9 4E010000 		.4byte	.LASF26
 783 01dd 01       		.byte	0x1
 784 01de 1901     		.2byte	0x119
 785 01e0 84000000 		.4byte	0x84
 786 01e4 00       		.byte	0
 787 01e5 12       		.uleb128 0x12
 788 01e6 57000000 		.4byte	.LASF27
 789 01ea 01       		.byte	0x1
 790 01eb 1A01     		.2byte	0x11a
 791 01ed 99000000 		.4byte	0x99
 792 01f1 04       		.byte	0x4
 793 01f2 00       		.byte	0
 794 01f3 06       		.uleb128 0x6
ARM GAS  C:\Users\Austina\AppData\Local\Temp\cc5oydIU.s 			page 21


 795 01f4 6D010000 		.4byte	.LASF28
 796 01f8 01       		.byte	0x1
 797 01f9 1B01     		.2byte	0x11b
 798 01fb CF010000 		.4byte	0x1cf
 799 01ff 13       		.uleb128 0x13
 800 0200 0F020000 		.4byte	0x20f
 801 0204 0F020000 		.4byte	0x20f
 802 0208 14       		.uleb128 0x14
 803 0209 7D000000 		.4byte	0x7d
 804 020d 01       		.byte	0x1
 805 020e 00       		.byte	0
 806 020f 15       		.uleb128 0x15
 807 0210 F3010000 		.4byte	0x1f3
 808 0214 16       		.uleb128 0x16
 809 0215 1E000000 		.4byte	.LASF29
 810 0219 01       		.byte	0x1
 811 021a 1D01     		.2byte	0x11d
 812 021c 26020000 		.4byte	0x226
 813 0220 05       		.uleb128 0x5
 814 0221 03       		.byte	0x3
 815 0222 00000000 		.4byte	cfg_memset_list.4893
 816 0226 15       		.uleb128 0x15
 817 0227 FF010000 		.4byte	0x1ff
 818 022b 17       		.uleb128 0x17
 819 022c 6900     		.ascii	"i\000"
 820 022e 01       		.byte	0x1
 821 022f 2301     		.2byte	0x123
 822 0231 8D000000 		.4byte	0x8d
 823 0235 02       		.uleb128 0x2
 824 0236 91       		.byte	0x91
 825 0237 77       		.sleb128 -9
 826 0238 10       		.uleb128 0x10
 827 0239 2A010000 		.4byte	.LBB3
 828 023d 3C000000 		.4byte	.LBE3-.LBB3
 829 0241 17       		.uleb128 0x17
 830 0242 6D7300   		.ascii	"ms\000"
 831 0245 01       		.byte	0x1
 832 0246 2801     		.2byte	0x128
 833 0248 4F020000 		.4byte	0x24f
 834 024c 02       		.uleb128 0x2
 835 024d 91       		.byte	0x91
 836 024e 70       		.sleb128 -16
 837 024f 0B       		.uleb128 0xb
 838 0250 04       		.byte	0x4
 839 0251 0F020000 		.4byte	0x20f
 840 0255 00       		.byte	0
 841 0256 00       		.byte	0
 842 0257 00       		.byte	0
 843 0258 00       		.byte	0
 844              		.section	.debug_abbrev,"",%progbits
 845              	.Ldebug_abbrev0:
 846 0000 01       		.uleb128 0x1
 847 0001 11       		.uleb128 0x11
 848 0002 01       		.byte	0x1
 849 0003 25       		.uleb128 0x25
 850 0004 0E       		.uleb128 0xe
 851 0005 13       		.uleb128 0x13
ARM GAS  C:\Users\Austina\AppData\Local\Temp\cc5oydIU.s 			page 22


 852 0006 0B       		.uleb128 0xb
 853 0007 03       		.uleb128 0x3
 854 0008 0E       		.uleb128 0xe
 855 0009 1B       		.uleb128 0x1b
 856 000a 0E       		.uleb128 0xe
 857 000b 55       		.uleb128 0x55
 858 000c 17       		.uleb128 0x17
 859 000d 11       		.uleb128 0x11
 860 000e 01       		.uleb128 0x1
 861 000f 10       		.uleb128 0x10
 862 0010 17       		.uleb128 0x17
 863 0011 00       		.byte	0
 864 0012 00       		.byte	0
 865 0013 02       		.uleb128 0x2
 866 0014 24       		.uleb128 0x24
 867 0015 00       		.byte	0
 868 0016 0B       		.uleb128 0xb
 869 0017 0B       		.uleb128 0xb
 870 0018 3E       		.uleb128 0x3e
 871 0019 0B       		.uleb128 0xb
 872 001a 03       		.uleb128 0x3
 873 001b 08       		.uleb128 0x8
 874 001c 00       		.byte	0
 875 001d 00       		.byte	0
 876 001e 03       		.uleb128 0x3
 877 001f 16       		.uleb128 0x16
 878 0020 00       		.byte	0
 879 0021 03       		.uleb128 0x3
 880 0022 0E       		.uleb128 0xe
 881 0023 3A       		.uleb128 0x3a
 882 0024 0B       		.uleb128 0xb
 883 0025 3B       		.uleb128 0x3b
 884 0026 0B       		.uleb128 0xb
 885 0027 49       		.uleb128 0x49
 886 0028 13       		.uleb128 0x13
 887 0029 00       		.byte	0
 888 002a 00       		.byte	0
 889 002b 04       		.uleb128 0x4
 890 002c 24       		.uleb128 0x24
 891 002d 00       		.byte	0
 892 002e 0B       		.uleb128 0xb
 893 002f 0B       		.uleb128 0xb
 894 0030 3E       		.uleb128 0x3e
 895 0031 0B       		.uleb128 0xb
 896 0032 03       		.uleb128 0x3
 897 0033 0E       		.uleb128 0xe
 898 0034 00       		.byte	0
 899 0035 00       		.byte	0
 900 0036 05       		.uleb128 0x5
 901 0037 0F       		.uleb128 0xf
 902 0038 00       		.byte	0
 903 0039 0B       		.uleb128 0xb
 904 003a 0B       		.uleb128 0xb
 905 003b 00       		.byte	0
 906 003c 00       		.byte	0
 907 003d 06       		.uleb128 0x6
 908 003e 16       		.uleb128 0x16
ARM GAS  C:\Users\Austina\AppData\Local\Temp\cc5oydIU.s 			page 23


 909 003f 00       		.byte	0
 910 0040 03       		.uleb128 0x3
 911 0041 0E       		.uleb128 0xe
 912 0042 3A       		.uleb128 0x3a
 913 0043 0B       		.uleb128 0xb
 914 0044 3B       		.uleb128 0x3b
 915 0045 05       		.uleb128 0x5
 916 0046 49       		.uleb128 0x49
 917 0047 13       		.uleb128 0x13
 918 0048 00       		.byte	0
 919 0049 00       		.byte	0
 920 004a 07       		.uleb128 0x7
 921 004b 35       		.uleb128 0x35
 922 004c 00       		.byte	0
 923 004d 49       		.uleb128 0x49
 924 004e 13       		.uleb128 0x13
 925 004f 00       		.byte	0
 926 0050 00       		.byte	0
 927 0051 08       		.uleb128 0x8
 928 0052 2E       		.uleb128 0x2e
 929 0053 01       		.byte	0x1
 930 0054 03       		.uleb128 0x3
 931 0055 0E       		.uleb128 0xe
 932 0056 3A       		.uleb128 0x3a
 933 0057 0B       		.uleb128 0xb
 934 0058 3B       		.uleb128 0x3b
 935 0059 0B       		.uleb128 0xb
 936 005a 27       		.uleb128 0x27
 937 005b 19       		.uleb128 0x19
 938 005c 11       		.uleb128 0x11
 939 005d 01       		.uleb128 0x1
 940 005e 12       		.uleb128 0x12
 941 005f 06       		.uleb128 0x6
 942 0060 40       		.uleb128 0x40
 943 0061 18       		.uleb128 0x18
 944 0062 9642     		.uleb128 0x2116
 945 0064 19       		.uleb128 0x19
 946 0065 01       		.uleb128 0x1
 947 0066 13       		.uleb128 0x13
 948 0067 00       		.byte	0
 949 0068 00       		.byte	0
 950 0069 09       		.uleb128 0x9
 951 006a 05       		.uleb128 0x5
 952 006b 00       		.byte	0
 953 006c 03       		.uleb128 0x3
 954 006d 08       		.uleb128 0x8
 955 006e 3A       		.uleb128 0x3a
 956 006f 0B       		.uleb128 0xb
 957 0070 3B       		.uleb128 0x3b
 958 0071 0B       		.uleb128 0xb
 959 0072 49       		.uleb128 0x49
 960 0073 13       		.uleb128 0x13
 961 0074 02       		.uleb128 0x2
 962 0075 18       		.uleb128 0x18
 963 0076 00       		.byte	0
 964 0077 00       		.byte	0
 965 0078 0A       		.uleb128 0xa
ARM GAS  C:\Users\Austina\AppData\Local\Temp\cc5oydIU.s 			page 24


 966 0079 05       		.uleb128 0x5
 967 007a 00       		.byte	0
 968 007b 03       		.uleb128 0x3
 969 007c 0E       		.uleb128 0xe
 970 007d 3A       		.uleb128 0x3a
 971 007e 0B       		.uleb128 0xb
 972 007f 3B       		.uleb128 0x3b
 973 0080 0B       		.uleb128 0xb
 974 0081 49       		.uleb128 0x49
 975 0082 13       		.uleb128 0x13
 976 0083 02       		.uleb128 0x2
 977 0084 18       		.uleb128 0x18
 978 0085 00       		.byte	0
 979 0086 00       		.byte	0
 980 0087 0B       		.uleb128 0xb
 981 0088 0F       		.uleb128 0xf
 982 0089 00       		.byte	0
 983 008a 0B       		.uleb128 0xb
 984 008b 0B       		.uleb128 0xb
 985 008c 49       		.uleb128 0x49
 986 008d 13       		.uleb128 0x13
 987 008e 00       		.byte	0
 988 008f 00       		.byte	0
 989 0090 0C       		.uleb128 0xc
 990 0091 26       		.uleb128 0x26
 991 0092 00       		.byte	0
 992 0093 00       		.byte	0
 993 0094 00       		.byte	0
 994 0095 0D       		.uleb128 0xd
 995 0096 2E       		.uleb128 0x2e
 996 0097 00       		.byte	0
 997 0098 03       		.uleb128 0x3
 998 0099 0E       		.uleb128 0xe
 999 009a 3A       		.uleb128 0x3a
 1000 009b 0B       		.uleb128 0xb
 1001 009c 3B       		.uleb128 0x3b
 1002 009d 0B       		.uleb128 0xb
 1003 009e 27       		.uleb128 0x27
 1004 009f 19       		.uleb128 0x19
 1005 00a0 11       		.uleb128 0x11
 1006 00a1 01       		.uleb128 0x1
 1007 00a2 12       		.uleb128 0x12
 1008 00a3 06       		.uleb128 0x6
 1009 00a4 40       		.uleb128 0x40
 1010 00a5 18       		.uleb128 0x18
 1011 00a6 9642     		.uleb128 0x2116
 1012 00a8 19       		.uleb128 0x19
 1013 00a9 00       		.byte	0
 1014 00aa 00       		.byte	0
 1015 00ab 0E       		.uleb128 0xe
 1016 00ac 2E       		.uleb128 0x2e
 1017 00ad 00       		.byte	0
 1018 00ae 03       		.uleb128 0x3
 1019 00af 0E       		.uleb128 0xe
 1020 00b0 3A       		.uleb128 0x3a
 1021 00b1 0B       		.uleb128 0xb
 1022 00b2 3B       		.uleb128 0x3b
ARM GAS  C:\Users\Austina\AppData\Local\Temp\cc5oydIU.s 			page 25


 1023 00b3 0B       		.uleb128 0xb
 1024 00b4 27       		.uleb128 0x27
 1025 00b5 19       		.uleb128 0x19
 1026 00b6 11       		.uleb128 0x11
 1027 00b7 01       		.uleb128 0x1
 1028 00b8 12       		.uleb128 0x12
 1029 00b9 06       		.uleb128 0x6
 1030 00ba 40       		.uleb128 0x40
 1031 00bb 18       		.uleb128 0x18
 1032 00bc 9742     		.uleb128 0x2117
 1033 00be 19       		.uleb128 0x19
 1034 00bf 00       		.byte	0
 1035 00c0 00       		.byte	0
 1036 00c1 0F       		.uleb128 0xf
 1037 00c2 2E       		.uleb128 0x2e
 1038 00c3 01       		.byte	0x1
 1039 00c4 3F       		.uleb128 0x3f
 1040 00c5 19       		.uleb128 0x19
 1041 00c6 03       		.uleb128 0x3
 1042 00c7 0E       		.uleb128 0xe
 1043 00c8 3A       		.uleb128 0x3a
 1044 00c9 0B       		.uleb128 0xb
 1045 00ca 3B       		.uleb128 0x3b
 1046 00cb 05       		.uleb128 0x5
 1047 00cc 27       		.uleb128 0x27
 1048 00cd 19       		.uleb128 0x19
 1049 00ce 11       		.uleb128 0x11
 1050 00cf 01       		.uleb128 0x1
 1051 00d0 12       		.uleb128 0x12
 1052 00d1 06       		.uleb128 0x6
 1053 00d2 40       		.uleb128 0x40
 1054 00d3 18       		.uleb128 0x18
 1055 00d4 9642     		.uleb128 0x2116
 1056 00d6 19       		.uleb128 0x19
 1057 00d7 00       		.byte	0
 1058 00d8 00       		.byte	0
 1059 00d9 10       		.uleb128 0x10
 1060 00da 0B       		.uleb128 0xb
 1061 00db 01       		.byte	0x1
 1062 00dc 11       		.uleb128 0x11
 1063 00dd 01       		.uleb128 0x1
 1064 00de 12       		.uleb128 0x12
 1065 00df 06       		.uleb128 0x6
 1066 00e0 00       		.byte	0
 1067 00e1 00       		.byte	0
 1068 00e2 11       		.uleb128 0x11
 1069 00e3 13       		.uleb128 0x13
 1070 00e4 01       		.byte	0x1
 1071 00e5 0B       		.uleb128 0xb
 1072 00e6 0B       		.uleb128 0xb
 1073 00e7 3A       		.uleb128 0x3a
 1074 00e8 0B       		.uleb128 0xb
 1075 00e9 3B       		.uleb128 0x3b
 1076 00ea 05       		.uleb128 0x5
 1077 00eb 01       		.uleb128 0x1
 1078 00ec 13       		.uleb128 0x13
 1079 00ed 00       		.byte	0
ARM GAS  C:\Users\Austina\AppData\Local\Temp\cc5oydIU.s 			page 26


 1080 00ee 00       		.byte	0
 1081 00ef 12       		.uleb128 0x12
 1082 00f0 0D       		.uleb128 0xd
 1083 00f1 00       		.byte	0
 1084 00f2 03       		.uleb128 0x3
 1085 00f3 0E       		.uleb128 0xe
 1086 00f4 3A       		.uleb128 0x3a
 1087 00f5 0B       		.uleb128 0xb
 1088 00f6 3B       		.uleb128 0x3b
 1089 00f7 05       		.uleb128 0x5
 1090 00f8 49       		.uleb128 0x49
 1091 00f9 13       		.uleb128 0x13
 1092 00fa 38       		.uleb128 0x38
 1093 00fb 0B       		.uleb128 0xb
 1094 00fc 00       		.byte	0
 1095 00fd 00       		.byte	0
 1096 00fe 13       		.uleb128 0x13
 1097 00ff 01       		.uleb128 0x1
 1098 0100 01       		.byte	0x1
 1099 0101 49       		.uleb128 0x49
 1100 0102 13       		.uleb128 0x13
 1101 0103 01       		.uleb128 0x1
 1102 0104 13       		.uleb128 0x13
 1103 0105 00       		.byte	0
 1104 0106 00       		.byte	0
 1105 0107 14       		.uleb128 0x14
 1106 0108 21       		.uleb128 0x21
 1107 0109 00       		.byte	0
 1108 010a 49       		.uleb128 0x49
 1109 010b 13       		.uleb128 0x13
 1110 010c 2F       		.uleb128 0x2f
 1111 010d 0B       		.uleb128 0xb
 1112 010e 00       		.byte	0
 1113 010f 00       		.byte	0
 1114 0110 15       		.uleb128 0x15
 1115 0111 26       		.uleb128 0x26
 1116 0112 00       		.byte	0
 1117 0113 49       		.uleb128 0x49
 1118 0114 13       		.uleb128 0x13
 1119 0115 00       		.byte	0
 1120 0116 00       		.byte	0
 1121 0117 16       		.uleb128 0x16
 1122 0118 34       		.uleb128 0x34
 1123 0119 00       		.byte	0
 1124 011a 03       		.uleb128 0x3
 1125 011b 0E       		.uleb128 0xe
 1126 011c 3A       		.uleb128 0x3a
 1127 011d 0B       		.uleb128 0xb
 1128 011e 3B       		.uleb128 0x3b
 1129 011f 05       		.uleb128 0x5
 1130 0120 49       		.uleb128 0x49
 1131 0121 13       		.uleb128 0x13
 1132 0122 02       		.uleb128 0x2
 1133 0123 18       		.uleb128 0x18
 1134 0124 00       		.byte	0
 1135 0125 00       		.byte	0
 1136 0126 17       		.uleb128 0x17
ARM GAS  C:\Users\Austina\AppData\Local\Temp\cc5oydIU.s 			page 27


 1137 0127 34       		.uleb128 0x34
 1138 0128 00       		.byte	0
 1139 0129 03       		.uleb128 0x3
 1140 012a 08       		.uleb128 0x8
 1141 012b 3A       		.uleb128 0x3a
 1142 012c 0B       		.uleb128 0xb
 1143 012d 3B       		.uleb128 0x3b
 1144 012e 05       		.uleb128 0x5
 1145 012f 49       		.uleb128 0x49
 1146 0130 13       		.uleb128 0x13
 1147 0131 02       		.uleb128 0x2
 1148 0132 18       		.uleb128 0x18
 1149 0133 00       		.byte	0
 1150 0134 00       		.byte	0
 1151 0135 00       		.byte	0
 1152              		.section	.debug_aranges,"",%progbits
 1153 0000 44000000 		.4byte	0x44
 1154 0004 0200     		.2byte	0x2
 1155 0006 00000000 		.4byte	.Ldebug_info0
 1156 000a 04       		.byte	0x4
 1157 000b 00       		.byte	0
 1158 000c 0000     		.2byte	0
 1159 000e 0000     		.2byte	0
 1160 0010 00000000 		.4byte	.LFB2
 1161 0014 1E000000 		.4byte	.LFE2-.LFB2
 1162 0018 00000000 		.4byte	.LFB3
 1163 001c 20000000 		.4byte	.LFE3-.LFB3
 1164 0020 00000000 		.4byte	.LFB4
 1165 0024 20000000 		.4byte	.LFE4-.LFB4
 1166 0028 00000000 		.4byte	.LFB5
 1167 002c 14010000 		.4byte	.LFE5-.LFB5
 1168 0030 00000000 		.4byte	.LFB6
 1169 0034 28000000 		.4byte	.LFE6-.LFB6
 1170 0038 14010000 		.4byte	.LFB7
 1171 003c 48010000 		.4byte	.LFE7-.LFB7
 1172 0040 00000000 		.4byte	0
 1173 0044 00000000 		.4byte	0
 1174              		.section	.debug_ranges,"",%progbits
 1175              	.Ldebug_ranges0:
 1176 0000 00000000 		.4byte	.LFB2
 1177 0004 1E000000 		.4byte	.LFE2
 1178 0008 00000000 		.4byte	.LFB3
 1179 000c 20000000 		.4byte	.LFE3
 1180 0010 00000000 		.4byte	.LFB4
 1181 0014 20000000 		.4byte	.LFE4
 1182 0018 00000000 		.4byte	.LFB5
 1183 001c 14010000 		.4byte	.LFE5
 1184 0020 00000000 		.4byte	.LFB6
 1185 0024 28000000 		.4byte	.LFE6
 1186 0028 14010000 		.4byte	.LFB7
 1187 002c 5C020000 		.4byte	.LFE7
 1188 0030 00000000 		.4byte	0
 1189 0034 00000000 		.4byte	0
 1190              		.section	.debug_line,"",%progbits
 1191              	.Ldebug_line0:
 1192 0000 79010000 		.section	.debug_str,"MS",%progbits,1
 1192      0200CB00 
ARM GAS  C:\Users\Austina\AppData\Local\Temp\cc5oydIU.s 			page 28


 1192      00000201 
 1192      FB0E0D00 
 1192      01010101 
 1193              	.LASF19:
 1194 0000 72656733 		.ascii	"reg32\000"
 1194      3200
 1195              	.LASF12:
 1196 0006 73697A65 		.ascii	"size_t\000"
 1196      5F7400
 1197              	.LASF25:
 1198 000d 416E616C 		.ascii	"AnalogSetDefault\000"
 1198      6F675365 
 1198      74446566 
 1198      61756C74 
 1198      00
 1199              	.LASF29:
 1200 001e 6366675F 		.ascii	"cfg_memset_list\000"
 1200      6D656D73 
 1200      65745F6C 
 1200      69737400 
 1201              	.LASF24:
 1202 002e 436C6F63 		.ascii	"ClockSetup\000"
 1202      6B536574 
 1202      757000
 1203              	.LASF6:
 1204 0039 73686F72 		.ascii	"short unsigned int\000"
 1204      7420756E 
 1204      7369676E 
 1204      65642069 
 1204      6E7400
 1205              	.LASF16:
 1206 004c 666C6F61 		.ascii	"float\000"
 1206      7400
 1207              	.LASF22:
 1208 0052 64657374 		.ascii	"dest\000"
 1208      00
 1209              	.LASF27:
 1210 0057 73697A65 		.ascii	"size\000"
 1210      00
 1211              	.LASF18:
 1212 005c 72656738 		.ascii	"reg8\000"
 1212      00
 1213              	.LASF8:
 1214 0061 6C6F6E67 		.ascii	"long unsigned int\000"
 1214      20756E73 
 1214      69676E65 
 1214      6420696E 
 1214      7400
 1215              	.LASF13:
 1216 0073 75696E74 		.ascii	"uint8\000"
 1216      3800
 1217              	.LASF20:
 1218 0079 43594D45 		.ascii	"CYMEMZERO\000"
 1218      4D5A4552 
 1218      4F00
 1219              	.LASF30:
 1220 0083 474E5520 		.ascii	"GNU C11 5.4.1 20160609 (release) [ARM/embedded-5-br"
ARM GAS  C:\Users\Austina\AppData\Local\Temp\cc5oydIU.s 			page 29


 1220      43313120 
 1220      352E342E 
 1220      31203230 
 1220      31363036 
 1221 00b6 616E6368 		.ascii	"anch revision 237715] -mcpu=cortex-m0 -mthumb -g -O"
 1221      20726576 
 1221      6973696F 
 1221      6E203233 
 1221      37373135 
 1222 00e9 30202D66 		.ascii	"0 -ffunction-sections -ffat-lto-objects\000"
 1222      66756E63 
 1222      74696F6E 
 1222      2D736563 
 1222      74696F6E 
 1223              	.LASF4:
 1224 0111 756E7369 		.ascii	"unsigned char\000"
 1224      676E6564 
 1224      20636861 
 1224      7200
 1225              	.LASF17:
 1226 011f 646F7562 		.ascii	"double\000"
 1226      6C6500
 1227              	.LASF33:
 1228 0126 63796669 		.ascii	"cyfitter_cfg\000"
 1228      74746572 
 1228      5F636667 
 1228      00
 1229              	.LASF14:
 1230 0133 75696E74 		.ascii	"uint16\000"
 1230      313600
 1231              	.LASF15:
 1232 013a 75696E74 		.ascii	"uint32\000"
 1232      333200
 1233              	.LASF0:
 1234 0141 756E7369 		.ascii	"unsigned int\000"
 1234      676E6564 
 1234      20696E74 
 1234      00
 1235              	.LASF26:
 1236 014e 61646472 		.ascii	"address\000"
 1236      65737300 
 1237              	.LASF9:
 1238 0156 6C6F6E67 		.ascii	"long long unsigned int\000"
 1238      206C6F6E 
 1238      6720756E 
 1238      7369676E 
 1238      65642069 
 1239              	.LASF28:
 1240 016d 6366675F 		.ascii	"cfg_memset_t\000"
 1240      6D656D73 
 1240      65745F74 
 1240      00
 1241              	.LASF10:
 1242 017a 73697A65 		.ascii	"sizetype\000"
 1242      74797065 
 1242      00
 1243              	.LASF1:
ARM GAS  C:\Users\Austina\AppData\Local\Temp\cc5oydIU.s 			page 30


 1244 0183 6C6F6E67 		.ascii	"long long int\000"
 1244      206C6F6E 
 1244      6720696E 
 1244      7400
 1245              	.LASF11:
 1246 0191 63686172 		.ascii	"char\000"
 1246      00
 1247              	.LASF5:
 1248 0196 73686F72 		.ascii	"short int\000"
 1248      7420696E 
 1248      7400
 1249              	.LASF7:
 1250 01a0 6C6F6E67 		.ascii	"long int\000"
 1250      20696E74 
 1250      00
 1251              	.LASF2:
 1252 01a9 6C6F6E67 		.ascii	"long double\000"
 1252      20646F75 
 1252      626C6500 
 1253              	.LASF3:
 1254 01b5 7369676E 		.ascii	"signed char\000"
 1254      65642063 
 1254      68617200 
 1255              	.LASF31:
 1256 01c1 47656E65 		.ascii	"Generated_Source\\PSoC4\\cyfitter_cfg.c\000"
 1256      72617465 
 1256      645F536F 
 1256      75726365 
 1256      5C50536F 
 1257              	.LASF23:
 1258 01e7 4359434F 		.ascii	"CYCONFIGCPYCODE\000"
 1258      4E464947 
 1258      43505943 
 1258      4F444500 
 1259              	.LASF21:
 1260 01f7 4359434F 		.ascii	"CYCONFIGCPY\000"
 1260      4E464947 
 1260      43505900 
 1261              	.LASF32:
 1262 0203 433A5C41 		.ascii	"C:\\Alen\\test\\lowPowerTesting\\Workspace09\\Desig"
 1262      6C656E5C 
 1262      74657374 
 1262      5C6C6F77 
 1262      506F7765 
 1263 0231 6E30312E 		.ascii	"n01.cydsn\000"
 1263      63796473 
 1263      6E00
 1264              		.ident	"GCC: (GNU Tools for ARM Embedded Processors) 5.4.1 20160609 (release) [ARM/embedded-5-bran
